# CMAKE generated file: DO NOT EDIT!
# Generated by "Ninja" Generator, CMake Version 4.3

# This file contains all the build statements describing the
# compilation DAG.

# =============================================================================
# Write statements declared in CMakeLists.txt:
# 
# Which is the root file.
# =============================================================================

# =============================================================================
# Project: capstone
# Configurations: Release
# =============================================================================

#############################################
# Minimal version of Ninja required by this file

ninja_required_version = 1.5


#############################################
# Set configuration variable for custom commands.

CONFIGURATION = Release
# =============================================================================
# Include auxiliary files.


#############################################
# Include rules file.

include CMakeFiles\rules.ninja

# =============================================================================

#############################################
# Logical path to working directory; prefix for absolute paths.

cmake_ninja_workdir = D$:\projects\eurka_emu\build\vcpkg_installed\vcpkg\blds\capstone\x64-windows-rel\
# =============================================================================
# Object build statements for OBJECT_LIBRARY target capstone


#############################################
# Order-only phony target for capstone

build cmake_object_order_depends_target_capstone: phony || .

build CMakeFiles\capstone.dir\cs.c.obj: C_COMPILER__capstone_unscanned_Release D$:\projects\eurka_emu\build\vcpkg_installed\vcpkg\blds\capstone\src\5.0.9-9b23fb962a.clean\cs.c || cmake_object_order_depends_target_capstone
  CONFIG = Release
  DEFINES = -DCAPSTONE_ARM64_SUPPORT -DCAPSTONE_HAS_ARM64 -DCAPSTONE_SHARED -DCAPSTONE_USE_SYS_DYN_MEM -D_CRT_SECURE_NO_WARNINGS
  FLAGS = /nologo /DWIN32 /D_WINDOWS /utf-8 /MP  /MD /O2 /Oi /Gy /DNDEBUG /Z7  -MD /W1 /w14189
  INCLUDES = -ID:\projects\eurka_emu\build\vcpkg_installed\vcpkg\blds\capstone\src\5.0.9-9b23fb962a.clean\include
  OBJECT_DIR = CMakeFiles\capstone.dir
  OBJECT_FILE_DIR = CMakeFiles\capstone.dir
  TARGET_COMPILE_PDB = CMakeFiles\capstone.dir\
  TARGET_PDB = ""
  TARGET_SUPPORT_DIR = CMakeFiles\capstone.dir

build CMakeFiles\capstone.dir\Mapping.c.obj: C_COMPILER__capstone_unscanned_Release D$:\projects\eurka_emu\build\vcpkg_installed\vcpkg\blds\capstone\src\5.0.9-9b23fb962a.clean\Mapping.c || cmake_object_order_depends_target_capstone
  CONFIG = Release
  DEFINES = -DCAPSTONE_ARM64_SUPPORT -DCAPSTONE_HAS_ARM64 -DCAPSTONE_SHARED -DCAPSTONE_USE_SYS_DYN_MEM -D_CRT_SECURE_NO_WARNINGS
  FLAGS = /nologo /DWIN32 /D_WINDOWS /utf-8 /MP  /MD /O2 /Oi /Gy /DNDEBUG /Z7  -MD /W1 /w14189
  INCLUDES = -ID:\projects\eurka_emu\build\vcpkg_installed\vcpkg\blds\capstone\src\5.0.9-9b23fb962a.clean\include
  OBJECT_DIR = CMakeFiles\capstone.dir
  OBJECT_FILE_DIR = CMakeFiles\capstone.dir
  TARGET_COMPILE_PDB = CMakeFiles\capstone.dir\
  TARGET_PDB = ""
  TARGET_SUPPORT_DIR = CMakeFiles\capstone.dir

build CMakeFiles\capstone.dir\MCInst.c.obj: C_COMPILER__capstone_unscanned_Release D$:\projects\eurka_emu\build\vcpkg_installed\vcpkg\blds\capstone\src\5.0.9-9b23fb962a.clean\MCInst.c || cmake_object_order_depends_target_capstone
  CONFIG = Release
  DEFINES = -DCAPSTONE_ARM64_SUPPORT -DCAPSTONE_HAS_ARM64 -DCAPSTONE_SHARED -DCAPSTONE_USE_SYS_DYN_MEM -D_CRT_SECURE_NO_WARNINGS
  FLAGS = /nologo /DWIN32 /D_WINDOWS /utf-8 /MP  /MD /O2 /Oi /Gy /DNDEBUG /Z7  -MD /W1 /w14189
  INCLUDES = -ID:\projects\eurka_emu\build\vcpkg_installed\vcpkg\blds\capstone\src\5.0.9-9b23fb962a.clean\include
  OBJECT_DIR = CMakeFiles\capstone.dir
  OBJECT_FILE_DIR = CMakeFiles\capstone.dir
  TARGET_COMPILE_PDB = CMakeFiles\capstone.dir\
  TARGET_PDB = ""
  TARGET_SUPPORT_DIR = CMakeFiles\capstone.dir

build CMakeFiles\capstone.dir\MCInstrDesc.c.obj: C_COMPILER__capstone_unscanned_Release D$:\projects\eurka_emu\build\vcpkg_installed\vcpkg\blds\capstone\src\5.0.9-9b23fb962a.clean\MCInstrDesc.c || cmake_object_order_depends_target_capstone
  CONFIG = Release
  DEFINES = -DCAPSTONE_ARM64_SUPPORT -DCAPSTONE_HAS_ARM64 -DCAPSTONE_SHARED -DCAPSTONE_USE_SYS_DYN_MEM -D_CRT_SECURE_NO_WARNINGS
  FLAGS = /nologo /DWIN32 /D_WINDOWS /utf-8 /MP  /MD /O2 /Oi /Gy /DNDEBUG /Z7  -MD /W1 /w14189
  INCLUDES = -ID:\projects\eurka_emu\build\vcpkg_installed\vcpkg\blds\capstone\src\5.0.9-9b23fb962a.clean\include
  OBJECT_DIR = CMakeFiles\capstone.dir
  OBJECT_FILE_DIR = CMakeFiles\capstone.dir
  TARGET_COMPILE_PDB = CMakeFiles\capstone.dir\
  TARGET_PDB = ""
  TARGET_SUPPORT_DIR = CMakeFiles\capstone.dir

build CMakeFiles\capstone.dir\MCRegisterInfo.c.obj: C_COMPILER__capstone_unscanned_Release D$:\projects\eurka_emu\build\vcpkg_installed\vcpkg\blds\capstone\src\5.0.9-9b23fb962a.clean\MCRegisterInfo.c || cmake_object_order_depends_target_capstone
  CONFIG = Release
  DEFINES = -DCAPSTONE_ARM64_SUPPORT -DCAPSTONE_HAS_ARM64 -DCAPSTONE_SHARED -DCAPSTONE_USE_SYS_DYN_MEM -D_CRT_SECURE_NO_WARNINGS
  FLAGS = /nologo /DWIN32 /D_WINDOWS /utf-8 /MP  /MD /O2 /Oi /Gy /DNDEBUG /Z7  -MD /W1 /w14189
  INCLUDES = -ID:\projects\eurka_emu\build\vcpkg_installed\vcpkg\blds\capstone\src\5.0.9-9b23fb962a.clean\include
  OBJECT_DIR = CMakeFiles\capstone.dir
  OBJECT_FILE_DIR = CMakeFiles\capstone.dir
  TARGET_COMPILE_PDB = CMakeFiles\capstone.dir\
  TARGET_PDB = ""
  TARGET_SUPPORT_DIR = CMakeFiles\capstone.dir

build CMakeFiles\capstone.dir\SStream.c.obj: C_COMPILER__capstone_unscanned_Release D$:\projects\eurka_emu\build\vcpkg_installed\vcpkg\blds\capstone\src\5.0.9-9b23fb962a.clean\SStream.c || cmake_object_order_depends_target_capstone
  CONFIG = Release
  DEFINES = -DCAPSTONE_ARM64_SUPPORT -DCAPSTONE_HAS_ARM64 -DCAPSTONE_SHARED -DCAPSTONE_USE_SYS_DYN_MEM -D_CRT_SECURE_NO_WARNINGS
  FLAGS = /nologo /DWIN32 /D_WINDOWS /utf-8 /MP  /MD /O2 /Oi /Gy /DNDEBUG /Z7  -MD /W1 /w14189
  INCLUDES = -ID:\projects\eurka_emu\build\vcpkg_installed\vcpkg\blds\capstone\src\5.0.9-9b23fb962a.clean\include
  OBJECT_DIR = CMakeFiles\capstone.dir
  OBJECT_FILE_DIR = CMakeFiles\capstone.dir
  TARGET_COMPILE_PDB = CMakeFiles\capstone.dir\
  TARGET_PDB = ""
  TARGET_SUPPORT_DIR = CMakeFiles\capstone.dir

build CMakeFiles\capstone.dir\utils.c.obj: C_COMPILER__capstone_unscanned_Release D$:\projects\eurka_emu\build\vcpkg_installed\vcpkg\blds\capstone\src\5.0.9-9b23fb962a.clean\utils.c || cmake_object_order_depends_target_capstone
  CONFIG = Release
  DEFINES = -DCAPSTONE_ARM64_SUPPORT -DCAPSTONE_HAS_ARM64 -DCAPSTONE_SHARED -DCAPSTONE_USE_SYS_DYN_MEM -D_CRT_SECURE_NO_WARNINGS
  FLAGS = /nologo /DWIN32 /D_WINDOWS /utf-8 /MP  /MD /O2 /Oi /Gy /DNDEBUG /Z7  -MD /W1 /w14189
  INCLUDES = -ID:\projects\eurka_emu\build\vcpkg_installed\vcpkg\blds\capstone\src\5.0.9-9b23fb962a.clean\include
  OBJECT_DIR = CMakeFiles\capstone.dir
  OBJECT_FILE_DIR = CMakeFiles\capstone.dir
  TARGET_COMPILE_PDB = CMakeFiles\capstone.dir\
  TARGET_PDB = ""
  TARGET_SUPPORT_DIR = CMakeFiles\capstone.dir

build CMakeFiles\capstone.dir\arch\AArch64\AArch64BaseInfo.c.obj: C_COMPILER__capstone_unscanned_Release D$:\projects\eurka_emu\build\vcpkg_installed\vcpkg\blds\capstone\src\5.0.9-9b23fb962a.clean\arch\AArch64\AArch64BaseInfo.c || cmake_object_order_depends_target_capstone
  CONFIG = Release
  DEFINES = -DCAPSTONE_ARM64_SUPPORT -DCAPSTONE_HAS_ARM64 -DCAPSTONE_SHARED -DCAPSTONE_USE_SYS_DYN_MEM -D_CRT_SECURE_NO_WARNINGS
  FLAGS = /nologo /DWIN32 /D_WINDOWS /utf-8 /MP  /MD /O2 /Oi /Gy /DNDEBUG /Z7  -MD /W1 /w14189
  INCLUDES = -ID:\projects\eurka_emu\build\vcpkg_installed\vcpkg\blds\capstone\src\5.0.9-9b23fb962a.clean\include
  OBJECT_DIR = CMakeFiles\capstone.dir
  OBJECT_FILE_DIR = CMakeFiles\capstone.dir\arch\AArch64
  TARGET_COMPILE_PDB = CMakeFiles\capstone.dir\
  TARGET_PDB = ""
  TARGET_SUPPORT_DIR = CMakeFiles\capstone.dir

build CMakeFiles\capstone.dir\arch\AArch64\AArch64Disassembler.c.obj: C_COMPILER__capstone_unscanned_Release D$:\projects\eurka_emu\build\vcpkg_installed\vcpkg\blds\capstone\src\5.0.9-9b23fb962a.clean\arch\AArch64\AArch64Disassembler.c || cmake_object_order_depends_target_capstone
  CONFIG = Release
  DEFINES = -DCAPSTONE_ARM64_SUPPORT -DCAPSTONE_HAS_ARM64 -DCAPSTONE_SHARED -DCAPSTONE_USE_SYS_DYN_MEM -D_CRT_SECURE_NO_WARNINGS
  FLAGS = /nologo /DWIN32 /D_WINDOWS /utf-8 /MP  /MD /O2 /Oi /Gy /DNDEBUG /Z7  -MD /W1 /w14189
  INCLUDES = -ID:\projects\eurka_emu\build\vcpkg_installed\vcpkg\blds\capstone\src\5.0.9-9b23fb962a.clean\include
  OBJECT_DIR = CMakeFiles\capstone.dir
  OBJECT_FILE_DIR = CMakeFiles\capstone.dir\arch\AArch64
  TARGET_COMPILE_PDB = CMakeFiles\capstone.dir\
  TARGET_PDB = ""
  TARGET_SUPPORT_DIR = CMakeFiles\capstone.dir

build CMakeFiles\capstone.dir\arch\AArch64\AArch64InstPrinter.c.obj: C_COMPILER__capstone_unscanned_Release D$:\projects\eurka_emu\build\vcpkg_installed\vcpkg\blds\capstone\src\5.0.9-9b23fb962a.clean\arch\AArch64\AArch64InstPrinter.c || cmake_object_order_depends_target_capstone
  CONFIG = Release
  DEFINES = -DCAPSTONE_ARM64_SUPPORT -DCAPSTONE_HAS_ARM64 -DCAPSTONE_SHARED -DCAPSTONE_USE_SYS_DYN_MEM -D_CRT_SECURE_NO_WARNINGS
  FLAGS = /nologo /DWIN32 /D_WINDOWS /utf-8 /MP  /MD /O2 /Oi /Gy /DNDEBUG /Z7  -MD /W1 /w14189
  INCLUDES = -ID:\projects\eurka_emu\build\vcpkg_installed\vcpkg\blds\capstone\src\5.0.9-9b23fb962a.clean\include
  OBJECT_DIR = CMakeFiles\capstone.dir
  OBJECT_FILE_DIR = CMakeFiles\capstone.dir\arch\AArch64
  TARGET_COMPILE_PDB = CMakeFiles\capstone.dir\
  TARGET_PDB = ""
  TARGET_SUPPORT_DIR = CMakeFiles\capstone.dir

build CMakeFiles\capstone.dir\arch\AArch64\AArch64Mapping.c.obj: C_COMPILER__capstone_unscanned_Release D$:\projects\eurka_emu\build\vcpkg_installed\vcpkg\blds\capstone\src\5.0.9-9b23fb962a.clean\arch\AArch64\AArch64Mapping.c || cmake_object_order_depends_target_capstone
  CONFIG = Release
  DEFINES = -DCAPSTONE_ARM64_SUPPORT -DCAPSTONE_HAS_ARM64 -DCAPSTONE_SHARED -DCAPSTONE_USE_SYS_DYN_MEM -D_CRT_SECURE_NO_WARNINGS
  FLAGS = /nologo /DWIN32 /D_WINDOWS /utf-8 /MP  /MD /O2 /Oi /Gy /DNDEBUG /Z7  -MD /W1 /w14189
  INCLUDES = -ID:\projects\eurka_emu\build\vcpkg_installed\vcpkg\blds\capstone\src\5.0.9-9b23fb962a.clean\include
  OBJECT_DIR = CMakeFiles\capstone.dir
  OBJECT_FILE_DIR = CMakeFiles\capstone.dir\arch\AArch64
  TARGET_COMPILE_PDB = CMakeFiles\capstone.dir\
  TARGET_PDB = ""
  TARGET_SUPPORT_DIR = CMakeFiles\capstone.dir

build CMakeFiles\capstone.dir\arch\AArch64\AArch64Module.c.obj: C_COMPILER__capstone_unscanned_Release D$:\projects\eurka_emu\build\vcpkg_installed\vcpkg\blds\capstone\src\5.0.9-9b23fb962a.clean\arch\AArch64\AArch64Module.c || cmake_object_order_depends_target_capstone
  CONFIG = Release
  DEFINES = -DCAPSTONE_ARM64_SUPPORT -DCAPSTONE_HAS_ARM64 -DCAPSTONE_SHARED -DCAPSTONE_USE_SYS_DYN_MEM -D_CRT_SECURE_NO_WARNINGS
  FLAGS = /nologo /DWIN32 /D_WINDOWS /utf-8 /MP  /MD /O2 /Oi /Gy /DNDEBUG /Z7  -MD /W1 /w14189
  INCLUDES = -ID:\projects\eurka_emu\build\vcpkg_installed\vcpkg\blds\capstone\src\5.0.9-9b23fb962a.clean\include
  OBJECT_DIR = CMakeFiles\capstone.dir
  OBJECT_FILE_DIR = CMakeFiles\capstone.dir\arch\AArch64
  TARGET_COMPILE_PDB = CMakeFiles\capstone.dir\
  TARGET_PDB = ""
  TARGET_SUPPORT_DIR = CMakeFiles\capstone.dir



#############################################
# Object library capstone

build capstone: phony CMakeFiles\capstone.dir\cs.c.obj CMakeFiles\capstone.dir\Mapping.c.obj CMakeFiles\capstone.dir\MCInst.c.obj CMakeFiles\capstone.dir\MCInstrDesc.c.obj CMakeFiles\capstone.dir\MCRegisterInfo.c.obj CMakeFiles\capstone.dir\SStream.c.obj CMakeFiles\capstone.dir\utils.c.obj CMakeFiles\capstone.dir\arch\AArch64\AArch64BaseInfo.c.obj CMakeFiles\capstone.dir\arch\AArch64\AArch64Disassembler.c.obj CMakeFiles\capstone.dir\arch\AArch64\AArch64InstPrinter.c.obj CMakeFiles\capstone.dir\arch\AArch64\AArch64Mapping.c.obj CMakeFiles\capstone.dir\arch\AArch64\AArch64Module.c.obj

# =============================================================================
# Object build statements for SHARED_LIBRARY target capstone_shared


#############################################
# Order-only phony target for capstone_shared

build cmake_object_order_depends_target_capstone_shared: phony || cmake_object_order_depends_target_capstone


# =============================================================================
# Link build statements for SHARED_LIBRARY target capstone_shared


#############################################
# Link the shared library capstone.dll

build capstone.dll capstone.lib: C_SHARED_LIBRARY_LINKER__capstone_shared_Release CMakeFiles\capstone.dir\cs.c.obj CMakeFiles\capstone.dir\Mapping.c.obj CMakeFiles\capstone.dir\MCInst.c.obj CMakeFiles\capstone.dir\MCInstrDesc.c.obj CMakeFiles\capstone.dir\MCRegisterInfo.c.obj CMakeFiles\capstone.dir\SStream.c.obj CMakeFiles\capstone.dir\utils.c.obj CMakeFiles\capstone.dir\arch\AArch64\AArch64BaseInfo.c.obj CMakeFiles\capstone.dir\arch\AArch64\AArch64Disassembler.c.obj CMakeFiles\capstone.dir\arch\AArch64\AArch64InstPrinter.c.obj CMakeFiles\capstone.dir\arch\AArch64\AArch64Mapping.c.obj CMakeFiles\capstone.dir\arch\AArch64\AArch64Module.c.obj || capstone
  CONFIG = Release
  LANGUAGE_COMPILE_FLAGS = /nologo /DWIN32 /D_WINDOWS /utf-8 /MP  /MD /O2 /Oi /Gy /DNDEBUG /Z7  -MD
  LINK_FLAGS = /machine:x64 /nologo /DEBUG /INCREMENTAL:NO /OPT:REF /OPT:ICF
  LINK_LIBRARIES = kernel32.lib user32.lib gdi32.lib winspool.lib shell32.lib ole32.lib oleaut32.lib uuid.lib comdlg32.lib advapi32.lib
  OBJECT_DIR = CMakeFiles\capstone_shared.dir
  POST_BUILD = cd .
  PRE_LINK = cd .
  RESTAT = 1
  TARGET_COMPILE_PDB = CMakeFiles\capstone_shared.dir\
  TARGET_FILE = capstone.dll
  TARGET_IMPLIB = capstone.lib
  TARGET_PDB = capstone.pdb
  TARGET_SUPPORT_DIR = CMakeFiles\capstone_shared.dir


#############################################
# Utility command for UNINSTALL

build UNINSTALL: phony CMakeFiles\UNINSTALL


#############################################
# Utility command for package

build CMakeFiles\package.util: CUSTOM_COMMAND all
  COMMAND = C:\WINDOWS\system32\cmd.exe /C "cd /D D:\projects\eurka_emu\build\vcpkg_installed\vcpkg\blds\capstone\x64-windows-rel && C:\Users\drych\AppData\Local\vcpkg\downloads\tools\cmake-4.3.2-windows\cmake-4.3.2-windows-x86_64\bin\cpack.exe --config ./CPackConfig.cmake"
  DESC = Run CPack packaging tool...
  pool = console
  restat = 1

build package: phony CMakeFiles\package.util


#############################################
# Utility command for package_source

build CMakeFiles\package_source.util: CUSTOM_COMMAND
  COMMAND = C:\WINDOWS\system32\cmd.exe /C "cd /D D:\projects\eurka_emu\build\vcpkg_installed\vcpkg\blds\capstone\x64-windows-rel && C:\Users\drych\AppData\Local\vcpkg\downloads\tools\cmake-4.3.2-windows\cmake-4.3.2-windows-x86_64\bin\cpack.exe --config ./CPackSourceConfig.cmake"
  DESC = Run CPack packaging tool for source...
  pool = console
  restat = 1

build package_source: phony CMakeFiles\package_source.util


#############################################
# Utility command for edit_cache

build CMakeFiles\edit_cache.util: CUSTOM_COMMAND
  COMMAND = C:\WINDOWS\system32\cmd.exe /C "cd /D D:\projects\eurka_emu\build\vcpkg_installed\vcpkg\blds\capstone\x64-windows-rel && C:\Users\drych\AppData\Local\vcpkg\downloads\tools\cmake-4.3.2-windows\cmake-4.3.2-windows-x86_64\bin\cmake-gui.exe -SD:\projects\eurka_emu\build\vcpkg_installed\vcpkg\blds\capstone\src\5.0.9-9b23fb962a.clean -BD:\projects\eurka_emu\build\vcpkg_installed\vcpkg\blds\capstone\x64-windows-rel"
  DESC = Running CMake cache editor...
  pool = console
  restat = 1

build edit_cache: phony CMakeFiles\edit_cache.util


#############################################
# Utility command for rebuild_cache

build CMakeFiles\rebuild_cache.util: CUSTOM_COMMAND
  COMMAND = C:\WINDOWS\system32\cmd.exe /C "cd /D D:\projects\eurka_emu\build\vcpkg_installed\vcpkg\blds\capstone\x64-windows-rel && C:\Users\drych\AppData\Local\vcpkg\downloads\tools\cmake-4.3.2-windows\cmake-4.3.2-windows-x86_64\bin\cmake.exe --regenerate-during-build -SD:\projects\eurka_emu\build\vcpkg_installed\vcpkg\blds\capstone\src\5.0.9-9b23fb962a.clean -BD:\projects\eurka_emu\build\vcpkg_installed\vcpkg\blds\capstone\x64-windows-rel"
  DESC = Running CMake to regenerate build system...
  pool = console
  restat = 1

build rebuild_cache: phony CMakeFiles\rebuild_cache.util


#############################################
# Utility command for list_install_components

build list_install_components: phony


#############################################
# Utility command for install

build CMakeFiles\install.util: CUSTOM_COMMAND all
  COMMAND = C:\WINDOWS\system32\cmd.exe /C "cd /D D:\projects\eurka_emu\build\vcpkg_installed\vcpkg\blds\capstone\x64-windows-rel && C:\Users\drych\AppData\Local\vcpkg\downloads\tools\cmake-4.3.2-windows\cmake-4.3.2-windows-x86_64\bin\cmake.exe -P cmake_install.cmake"
  DESC = Install the project...
  pool = console
  restat = 1

build install: phony CMakeFiles\install.util


#############################################
# Utility command for install/local

build CMakeFiles\install\local.util: CUSTOM_COMMAND all
  COMMAND = C:\WINDOWS\system32\cmd.exe /C "cd /D D:\projects\eurka_emu\build\vcpkg_installed\vcpkg\blds\capstone\x64-windows-rel && C:\Users\drych\AppData\Local\vcpkg\downloads\tools\cmake-4.3.2-windows\cmake-4.3.2-windows-x86_64\bin\cmake.exe -DCMAKE_INSTALL_LOCAL_ONLY=1 -P cmake_install.cmake"
  DESC = Installing only the local directory...
  pool = console
  restat = 1

build install\local: phony CMakeFiles\install\local.util


#############################################
# Custom command for CMakeFiles\UNINSTALL

build CMakeFiles\UNINSTALL | ${cmake_ninja_workdir}CMakeFiles\UNINSTALL: CUSTOM_COMMAND
  COMMAND = C:\WINDOWS\system32\cmd.exe /C "cd /D D:\projects\eurka_emu\build\vcpkg_installed\vcpkg\blds\capstone\x64-windows-rel && C:\Users\drych\AppData\Local\vcpkg\downloads\tools\cmake-4.3.2-windows\cmake-4.3.2-windows-x86_64\bin\cmake.exe -P D:/projects/eurka_emu/build/vcpkg_installed/vcpkg/blds/capstone/x64-windows-rel/cmake_uninstall.cmake"

# =============================================================================
# Target aliases.

build capstone_shared: phony capstone.dll

# =============================================================================
# Folder targets.

# =============================================================================

#############################################
# Folder: D:/projects/eurka_emu/build/vcpkg_installed/vcpkg/blds/capstone/x64-windows-rel

build all: phony capstone capstone.dll

# =============================================================================
# Built-in targets


#############################################
# Re-run CMake if any of its inputs changed.

build build.ninja D$:\projects\eurka_emu\build\vcpkg_installed\vcpkg\blds\capstone\x64-windows-rel\cmake_install.cmake: RERUN_CMAKE | C$:\Program$ Files\Microsoft$ Visual$ Studio\18\Community\VC\vcpkg\scripts\buildsystems\vcpkg.cmake C$:\Program$ Files\Microsoft$ Visual$ Studio\18\Community\VC\vcpkg\scripts\toolchains\windows.cmake C$:\Users\drych\AppData\Local\vcpkg\downloads\tools\cmake-4.3.2-windows\cmake-4.3.2-windows-x86_64\share\cmake-4.3\Modules\BasicConfigVersion-SameMajorVersion.cmake.in C$:\Users\drych\AppData\Local\vcpkg\downloads\tools\cmake-4.3.2-windows\cmake-4.3.2-windows-x86_64\share\cmake-4.3\Modules\CMakeCCompiler.cmake.in C$:\Users\drych\AppData\Local\vcpkg\downloads\tools\cmake-4.3.2-windows\cmake-4.3.2-windows-x86_64\share\cmake-4.3\Modules\CMakeCCompilerABI.c C$:\Users\drych\AppData\Local\vcpkg\downloads\tools\cmake-4.3.2-windows\cmake-4.3.2-windows-x86_64\share\cmake-4.3\Modules\CMakeCInformation.cmake C$:\Users\drych\AppData\Local\vcpkg\downloads\tools\cmake-4.3.2-windows\cmake-4.3.2-windows-x86_64\share\cmake-4.3\Modules\CMakeCXXCompiler.cmake.in C$:\Users\drych\AppData\Local\vcpkg\downloads\tools\cmake-4.3.2-windows\cmake-4.3.2-windows-x86_64\share\cmake-4.3\Modules\CMakeCXXCompilerABI.cpp C$:\Users\drych\AppData\Local\vcpkg\downloads\tools\cmake-4.3.2-windows\cmake-4.3.2-windows-x86_64\share\cmake-4.3\Modules\CMakeCXXInformation.cmake C$:\Users\drych\AppData\Local\vcpkg\downloads\tools\cmake-4.3.2-windows\cmake-4.3.2-windows-x86_64\share\cmake-4.3\Modules\CMakeCommonLanguageInclude.cmake C$:\Users\drych\AppData\Local\vcpkg\downloads\tools\cmake-4.3.2-windows\cmake-4.3.2-windows-x86_64\share\cmake-4.3\Modules\CMakeCompilerIdDetection.cmake C$:\Users\drych\AppData\Local\vcpkg\downloads\tools\cmake-4.3.2-windows\cmake-4.3.2-windows-x86_64\share\cmake-4.3\Modules\CMakeDependentOption.cmake C$:\Users\drych\AppData\Local\vcpkg\downloads\tools\cmake-4.3.2-windows\cmake-4.3.2-windows-x86_64\share\cmake-4.3\Modules\CMakeDetermineCCompiler.cmake C$:\Users\drych\AppData\Local\vcpkg\downloads\tools\cmake-4.3.2-windows\cmake-4.3.2-windows-x86_64\share\cmake-4.3\Modules\CMakeDetermineCXXCompiler.cmake C$:\Users\drych\AppData\Local\vcpkg\downloads\tools\cmake-4.3.2-windows\cmake-4.3.2-windows-x86_64\share\cmake-4.3\Modules\CMakeDetermineCompiler.cmake C$:\Users\drych\AppData\Local\vcpkg\downloads\tools\cmake-4.3.2-windows\cmake-4.3.2-windows-x86_64\share\cmake-4.3\Modules\CMakeDetermineCompilerABI.cmake C$:\Users\drych\AppData\Local\vcpkg\downloads\tools\cmake-4.3.2-windows\cmake-4.3.2-windows-x86_64\share\cmake-4.3\Modules\CMakeDetermineCompilerId.cmake C$:\Users\drych\AppData\Local\vcpkg\downloads\tools\cmake-4.3.2-windows\cmake-4.3.2-windows-x86_64\share\cmake-4.3\Modules\CMakeDetermineCompilerSupport.cmake C$:\Users\drych\AppData\Local\vcpkg\downloads\tools\cmake-4.3.2-windows\cmake-4.3.2-windows-x86_64\share\cmake-4.3\Modules\CMakeDetermineRCCompiler.cmake C$:\Users\drych\AppData\Local\vcpkg\downloads\tools\cmake-4.3.2-windows\cmake-4.3.2-windows-x86_64\share\cmake-4.3\Modules\CMakeDetermineSystem.cmake C$:\Users\drych\AppData\Local\vcpkg\downloads\tools\cmake-4.3.2-windows\cmake-4.3.2-windows-x86_64\share\cmake-4.3\Modules\CMakeFindBinUtils.cmake C$:\Users\drych\AppData\Local\vcpkg\downloads\tools\cmake-4.3.2-windows\cmake-4.3.2-windows-x86_64\share\cmake-4.3\Modules\CMakeGenericSystem.cmake C$:\Users\drych\AppData\Local\vcpkg\downloads\tools\cmake-4.3.2-windows\cmake-4.3.2-windows-x86_64\share\cmake-4.3\Modules\CMakeInitializeConfigs.cmake C$:\Users\drych\AppData\Local\vcpkg\downloads\tools\cmake-4.3.2-windows\cmake-4.3.2-windows-x86_64\share\cmake-4.3\Modules\CMakeLanguageInformation.cmake C$:\Users\drych\AppData\Local\vcpkg\downloads\tools\cmake-4.3.2-windows\cmake-4.3.2-windows-x86_64\share\cmake-4.3\Modules\CMakePackageConfigHelpers.cmake C$:\Users\drych\AppData\Local\vcpkg\downloads\tools\cmake-4.3.2-windows\cmake-4.3.2-windows-x86_64\share\cmake-4.3\Modules\CMakeParseImplicitIncludeInfo.cmake C$:\Users\drych\AppData\Local\vcpkg\downloads\tools\cmake-4.3.2-windows\cmake-4.3.2-windows-x86_64\share\cmake-4.3\Modules\CMakeParseImplicitLinkInfo.cmake C$:\Users\drych\AppData\Local\vcpkg\downloads\tools\cmake-4.3.2-windows\cmake-4.3.2-windows-x86_64\share\cmake-4.3\Modules\CMakeParseLibraryArchitecture.cmake C$:\Users\drych\AppData\Local\vcpkg\downloads\tools\cmake-4.3.2-windows\cmake-4.3.2-windows-x86_64\share\cmake-4.3\Modules\CMakeRCCompiler.cmake.in C$:\Users\drych\AppData\Local\vcpkg\downloads\tools\cmake-4.3.2-windows\cmake-4.3.2-windows-x86_64\share\cmake-4.3\Modules\CMakeRCInformation.cmake C$:\Users\drych\AppData\Local\vcpkg\downloads\tools\cmake-4.3.2-windows\cmake-4.3.2-windows-x86_64\share\cmake-4.3\Modules\CMakeSystem.cmake.in C$:\Users\drych\AppData\Local\vcpkg\downloads\tools\cmake-4.3.2-windows\cmake-4.3.2-windows-x86_64\share\cmake-4.3\Modules\CMakeSystemSpecificInformation.cmake C$:\Users\drych\AppData\Local\vcpkg\downloads\tools\cmake-4.3.2-windows\cmake-4.3.2-windows-x86_64\share\cmake-4.3\Modules\CMakeSystemSpecificInitialize.cmake C$:\Users\drych\AppData\Local\vcpkg\downloads\tools\cmake-4.3.2-windows\cmake-4.3.2-windows-x86_64\share\cmake-4.3\Modules\CMakeTestCCompiler.cmake C$:\Users\drych\AppData\Local\vcpkg\downloads\tools\cmake-4.3.2-windows\cmake-4.3.2-windows-x86_64\share\cmake-4.3\Modules\CMakeTestCXXCompiler.cmake C$:\Users\drych\AppData\Local\vcpkg\downloads\tools\cmake-4.3.2-windows\cmake-4.3.2-windows-x86_64\share\cmake-4.3\Modules\CMakeTestCompilerCommon.cmake C$:\Users\drych\AppData\Local\vcpkg\downloads\tools\cmake-4.3.2-windows\cmake-4.3.2-windows-x86_64\share\cmake-4.3\Modules\CMakeTestRCCompiler.cmake C$:\Users\drych\AppData\Local\vcpkg\downloads\tools\cmake-4.3.2-windows\cmake-4.3.2-windows-x86_64\share\cmake-4.3\Modules\CPack.cmake C$:\Users\drych\AppData\Local\vcpkg\downloads\tools\cmake-4.3.2-windows\cmake-4.3.2-windows-x86_64\share\cmake-4.3\Modules\CPackComponent.cmake C$:\Users\drych\AppData\Local\vcpkg\downloads\tools\cmake-4.3.2-windows\cmake-4.3.2-windows-x86_64\share\cmake-4.3\Modules\Compiler\ADSP-DetermineCompiler.cmake C$:\Users\drych\AppData\Local\vcpkg\downloads\tools\cmake-4.3.2-windows\cmake-4.3.2-windows-x86_64\share\cmake-4.3\Modules\Compiler\ARMCC-DetermineCompiler.cmake C$:\Users\drych\AppData\Local\vcpkg\downloads\tools\cmake-4.3.2-windows\cmake-4.3.2-windows-x86_64\share\cmake-4.3\Modules\Compiler\ARMClang-DetermineCompiler.cmake C$:\Users\drych\AppData\Local\vcpkg\downloads\tools\cmake-4.3.2-windows\cmake-4.3.2-windows-x86_64\share\cmake-4.3\Modules\Compiler\AppleClang-DetermineCompiler.cmake C$:\Users\drych\AppData\Local\vcpkg\downloads\tools\cmake-4.3.2-windows\cmake-4.3.2-windows-x86_64\share\cmake-4.3\Modules\Compiler\Borland-DetermineCompiler.cmake C$:\Users\drych\AppData\Local\vcpkg\downloads\tools\cmake-4.3.2-windows\cmake-4.3.2-windows-x86_64\share\cmake-4.3\Modules\Compiler\Bruce-C-DetermineCompiler.cmake C$:\Users\drych\AppData\Local\vcpkg\downloads\tools\cmake-4.3.2-windows\cmake-4.3.2-windows-x86_64\share\cmake-4.3\Modules\Compiler\CMakeCommonCompilerMacros.cmake C$:\Users\drych\AppData\Local\vcpkg\downloads\tools\cmake-4.3.2-windows\cmake-4.3.2-windows-x86_64\share\cmake-4.3\Modules\Compiler\Clang-DetermineCompiler.cmake C$:\Users\drych\AppData\Local\vcpkg\downloads\tools\cmake-4.3.2-windows\cmake-4.3.2-windows-x86_64\share\cmake-4.3\Modules\Compiler\Clang-DetermineCompilerInternal.cmake C$:\Users\drych\AppData\Local\vcpkg\downloads\tools\cmake-4.3.2-windows\cmake-4.3.2-windows-x86_64\share\cmake-4.3\Modules\Compiler\Compaq-C-DetermineCompiler.cmake C$:\Users\drych\AppData\Local\vcpkg\downloads\tools\cmake-4.3.2-windows\cmake-4.3.2-windows-x86_64\share\cmake-4.3\Modules\Compiler\Compaq-CXX-DetermineCompiler.cmake C$:\Users\drych\AppData\Local\vcpkg\downloads\tools\cmake-4.3.2-windows\cmake-4.3.2-windows-x86_64\share\cmake-4.3\Modules\Compiler\Cray-DetermineCompiler.cmake C$:\Users\drych\AppData\Local\vcpkg\downloads\tools\cmake-4.3.2-windows\cmake-4.3.2-windows-x86_64\share\cmake-4.3\Modules\Compiler\CrayClang-DetermineCompiler.cmake C$:\Users\drych\AppData\Local\vcpkg\downloads\tools\cmake-4.3.2-windows\cmake-4.3.2-windows-x86_64\share\cmake-4.3\Modules\Compiler\Diab-DetermineCompiler.cmake C$:\Users\drych\AppData\Local\vcpkg\downloads\tools\cmake-4.3.2-windows\cmake-4.3.2-windows-x86_64\share\cmake-4.3\Modules\Compiler\Embarcadero-DetermineCompiler.cmake C$:\Users\drych\AppData\Local\vcpkg\downloads\tools\cmake-4.3.2-windows\cmake-4.3.2-windows-x86_64\share\cmake-4.3\Modules\Compiler\Fujitsu-DetermineCompiler.cmake C$:\Users\drych\AppData\Local\vcpkg\downloads\tools\cmake-4.3.2-windows\cmake-4.3.2-windows-x86_64\share\cmake-4.3\Modules\Compiler\FujitsuClang-DetermineCompiler.cmake C$:\Users\drych\AppData\Local\vcpkg\downloads\tools\cmake-4.3.2-windows\cmake-4.3.2-windows-x86_64\share\cmake-4.3\Modules\Compiler\GHS-DetermineCompiler.cmake C$:\Users\drych\AppData\Local\vcpkg\downloads\tools\cmake-4.3.2-windows\cmake-4.3.2-windows-x86_64\share\cmake-4.3\Modules\Compiler\GNU-C-DetermineCompiler.cmake C$:\Users\drych\AppData\Local\vcpkg\downloads\tools\cmake-4.3.2-windows\cmake-4.3.2-windows-x86_64\share\cmake-4.3\Modules\Compiler\GNU-CXX-DetermineCompiler.cmake C$:\Users\drych\AppData\Local\vcpkg\downloads\tools\cmake-4.3.2-windows\cmake-4.3.2-windows-x86_64\share\cmake-4.3\Modules\Compiler\HP-C-DetermineCompiler.cmake C$:\Users\drych\AppData\Local\vcpkg\downloads\tools\cmake-4.3.2-windows\cmake-4.3.2-windows-x86_64\share\cmake-4.3\Modules\Compiler\HP-CXX-DetermineCompiler.cmake C$:\Users\drych\AppData\Local\vcpkg\downloads\tools\cmake-4.3.2-windows\cmake-4.3.2-windows-x86_64\share\cmake-4.3\Modules\Compiler\IAR-DetermineCompiler.cmake C$:\Users\drych\AppData\Local\vcpkg\downloads\tools\cmake-4.3.2-windows\cmake-4.3.2-windows-x86_64\share\cmake-4.3\Modules\Compiler\IBMCPP-C-DetermineVersionInternal.cmake C$:\Users\drych\AppData\Local\vcpkg\downloads\tools\cmake-4.3.2-windows\cmake-4.3.2-windows-x86_64\share\cmake-4.3\Modules\Compiler\IBMCPP-CXX-DetermineVersionInternal.cmake C$:\Users\drych\AppData\Local\vcpkg\downloads\tools\cmake-4.3.2-windows\cmake-4.3.2-windows-x86_64\share\cmake-4.3\Modules\Compiler\IBMClang-C-DetermineCompiler.cmake C$:\Users\drych\AppData\Local\vcpkg\downloads\tools\cmake-4.3.2-windows\cmake-4.3.2-windows-x86_64\share\cmake-4.3\Modules\Compiler\IBMClang-CXX-DetermineCompiler.cmake C$:\Users\drych\AppData\Local\vcpkg\downloads\tools\cmake-4.3.2-windows\cmake-4.3.2-windows-x86_64\share\cmake-4.3\Modules\Compiler\Intel-DetermineCompiler.cmake C$:\Users\drych\AppData\Local\vcpkg\downloads\tools\cmake-4.3.2-windows\cmake-4.3.2-windows-x86_64\share\cmake-4.3\Modules\Compiler\IntelLLVM-DetermineCompiler.cmake C$:\Users\drych\AppData\Local\vcpkg\downloads\tools\cmake-4.3.2-windows\cmake-4.3.2-windows-x86_64\share\cmake-4.3\Modules\Compiler\LCC-C-DetermineCompiler.cmake C$:\Users\drych\AppData\Local\vcpkg\downloads\tools\cmake-4.3.2-windows\cmake-4.3.2-windows-x86_64\share\cmake-4.3\Modules\Compiler\LCC-CXX-DetermineCompiler.cmake C$:\Users\drych\AppData\Local\vcpkg\downloads\tools\cmake-4.3.2-windows\cmake-4.3.2-windows-x86_64\share\cmake-4.3\Modules\Compiler\MSVC-C.cmake C$:\Users\drych\AppData\Local\vcpkg\downloads\tools\cmake-4.3.2-windows\cmake-4.3.2-windows-x86_64\share\cmake-4.3\Modules\Compiler\MSVC-CXX-CXXImportStd.cmake C$:\Users\drych\AppData\Local\vcpkg\downloads\tools\cmake-4.3.2-windows\cmake-4.3.2-windows-x86_64\share\cmake-4.3\Modules\Compiler\MSVC-CXX.cmake C$:\Users\drych\AppData\Local\vcpkg\downloads\tools\cmake-4.3.2-windows\cmake-4.3.2-windows-x86_64\share\cmake-4.3\Modules\Compiler\MSVC-DetermineCompiler.cmake C$:\Users\drych\AppData\Local\vcpkg\downloads\tools\cmake-4.3.2-windows\cmake-4.3.2-windows-x86_64\share\cmake-4.3\Modules\Compiler\MSVC.cmake C$:\Users\drych\AppData\Local\vcpkg\downloads\tools\cmake-4.3.2-windows\cmake-4.3.2-windows-x86_64\share\cmake-4.3\Modules\Compiler\NVHPC-DetermineCompiler.cmake C$:\Users\drych\AppData\Local\vcpkg\downloads\tools\cmake-4.3.2-windows\cmake-4.3.2-windows-x86_64\share\cmake-4.3\Modules\Compiler\NVIDIA-DetermineCompiler.cmake C$:\Users\drych\AppData\Local\vcpkg\downloads\tools\cmake-4.3.2-windows\cmake-4.3.2-windows-x86_64\share\cmake-4.3\Modules\Compiler\OpenWatcom-DetermineCompiler.cmake C$:\Users\drych\AppData\Local\vcpkg\downloads\tools\cmake-4.3.2-windows\cmake-4.3.2-windows-x86_64\share\cmake-4.3\Modules\Compiler\OrangeC-DetermineCompiler.cmake C$:\Users\drych\AppData\Local\vcpkg\downloads\tools\cmake-4.3.2-windows\cmake-4.3.2-windows-x86_64\share\cmake-4.3\Modules\Compiler\PGI-DetermineCompiler.cmake C$:\Users\drych\AppData\Local\vcpkg\downloads\tools\cmake-4.3.2-windows\cmake-4.3.2-windows-x86_64\share\cmake-4.3\Modules\Compiler\PathScale-DetermineCompiler.cmake C$:\Users\drych\AppData\Local\vcpkg\downloads\tools\cmake-4.3.2-windows\cmake-4.3.2-windows-x86_64\share\cmake-4.3\Modules\Compiler\Renesas-DetermineCompiler.cmake C$:\Users\drych\AppData\Local\vcpkg\downloads\tools\cmake-4.3.2-windows\cmake-4.3.2-windows-x86_64\share\cmake-4.3\Modules\Compiler\SCO-DetermineCompiler.cmake C$:\Users\drych\AppData\Local\vcpkg\downloads\tools\cmake-4.3.2-windows\cmake-4.3.2-windows-x86_64\share\cmake-4.3\Modules\Compiler\SDCC-C-DetermineCompiler.cmake C$:\Users\drych\AppData\Local\vcpkg\downloads\tools\cmake-4.3.2-windows\cmake-4.3.2-windows-x86_64\share\cmake-4.3\Modules\Compiler\SunPro-C-DetermineCompiler.cmake C$:\Users\drych\AppData\Local\vcpkg\downloads\tools\cmake-4.3.2-windows\cmake-4.3.2-windows-x86_64\share\cmake-4.3\Modules\Compiler\SunPro-CXX-DetermineCompiler.cmake C$:\Users\drych\AppData\Local\vcpkg\downloads\tools\cmake-4.3.2-windows\cmake-4.3.2-windows-x86_64\share\cmake-4.3\Modules\Compiler\TI-DetermineCompiler.cmake C$:\Users\drych\AppData\Local\vcpkg\downloads\tools\cmake-4.3.2-windows\cmake-4.3.2-windows-x86_64\share\cmake-4.3\Modules\Compiler\TIClang-DetermineCompiler.cmake C$:\Users\drych\AppData\Local\vcpkg\downloads\tools\cmake-4.3.2-windows\cmake-4.3.2-windows-x86_64\share\cmake-4.3\Modules\Compiler\Tasking-DetermineCompiler.cmake C$:\Users\drych\AppData\Local\vcpkg\downloads\tools\cmake-4.3.2-windows\cmake-4.3.2-windows-x86_64\share\cmake-4.3\Modules\Compiler\TinyCC-C-DetermineCompiler.cmake C$:\Users\drych\AppData\Local\vcpkg\downloads\tools\cmake-4.3.2-windows\cmake-4.3.2-windows-x86_64\share\cmake-4.3\Modules\Compiler\VisualAge-C-DetermineCompiler.cmake C$:\Users\drych\AppData\Local\vcpkg\downloads\tools\cmake-4.3.2-windows\cmake-4.3.2-windows-x86_64\share\cmake-4.3\Modules\Compiler\VisualAge-CXX-DetermineCompiler.cmake C$:\Users\drych\AppData\Local\vcpkg\downloads\tools\cmake-4.3.2-windows\cmake-4.3.2-windows-x86_64\share\cmake-4.3\Modules\Compiler\Watcom-DetermineCompiler.cmake C$:\Users\drych\AppData\Local\vcpkg\downloads\tools\cmake-4.3.2-windows\cmake-4.3.2-windows-x86_64\share\cmake-4.3\Modules\Compiler\XL-C-DetermineCompiler.cmake C$:\Users\drych\AppData\Local\vcpkg\downloads\tools\cmake-4.3.2-windows\cmake-4.3.2-windows-x86_64\share\cmake-4.3\Modules\Compiler\XL-CXX-DetermineCompiler.cmake C$:\Users\drych\AppData\Local\vcpkg\downloads\tools\cmake-4.3.2-windows\cmake-4.3.2-windows-x86_64\share\cmake-4.3\Modules\Compiler\XLClang-C-DetermineCompiler.cmake C$:\Users\drych\AppData\Local\vcpkg\downloads\tools\cmake-4.3.2-windows\cmake-4.3.2-windows-x86_64\share\cmake-4.3\Modules\Compiler\XLClang-CXX-DetermineCompiler.cmake C$:\Users\drych\AppData\Local\vcpkg\downloads\tools\cmake-4.3.2-windows\cmake-4.3.2-windows-x86_64\share\cmake-4.3\Modules\Compiler\zOS-C-DetermineCompiler.cmake C$:\Users\drych\AppData\Local\vcpkg\downloads\tools\cmake-4.3.2-windows\cmake-4.3.2-windows-x86_64\share\cmake-4.3\Modules\Compiler\zOS-CXX-DetermineCompiler.cmake C$:\Users\drych\AppData\Local\vcpkg\downloads\tools\cmake-4.3.2-windows\cmake-4.3.2-windows-x86_64\share\cmake-4.3\Modules\GNUInstallDirs.cmake C$:\Users\drych\AppData\Local\vcpkg\downloads\tools\cmake-4.3.2-windows\cmake-4.3.2-windows-x86_64\share\cmake-4.3\Modules\Internal\CMakeCLinkerInformation.cmake C$:\Users\drych\AppData\Local\vcpkg\downloads\tools\cmake-4.3.2-windows\cmake-4.3.2-windows-x86_64\share\cmake-4.3\Modules\Internal\CMakeCXXLinkerInformation.cmake C$:\Users\drych\AppData\Local\vcpkg\downloads\tools\cmake-4.3.2-windows\cmake-4.3.2-windows-x86_64\share\cmake-4.3\Modules\Internal\CMakeCommonLinkerInformation.cmake C$:\Users\drych\AppData\Local\vcpkg\downloads\tools\cmake-4.3.2-windows\cmake-4.3.2-windows-x86_64\share\cmake-4.3\Modules\Internal\CMakeDetermineLinkerId.cmake C$:\Users\drych\AppData\Local\vcpkg\downloads\tools\cmake-4.3.2-windows\cmake-4.3.2-windows-x86_64\share\cmake-4.3\Modules\Internal\CMakeInspectCLinker.cmake C$:\Users\drych\AppData\Local\vcpkg\downloads\tools\cmake-4.3.2-windows\cmake-4.3.2-windows-x86_64\share\cmake-4.3\Modules\Internal\CMakeInspectCXXLinker.cmake C$:\Users\drych\AppData\Local\vcpkg\downloads\tools\cmake-4.3.2-windows\cmake-4.3.2-windows-x86_64\share\cmake-4.3\Modules\Internal\FeatureTesting.cmake C$:\Users\drych\AppData\Local\vcpkg\downloads\tools\cmake-4.3.2-windows\cmake-4.3.2-windows-x86_64\share\cmake-4.3\Modules\Linker\MSVC-C.cmake C$:\Users\drych\AppData\Local\vcpkg\downloads\tools\cmake-4.3.2-windows\cmake-4.3.2-windows-x86_64\share\cmake-4.3\Modules\Linker\MSVC-CXX.cmake C$:\Users\drych\AppData\Local\vcpkg\downloads\tools\cmake-4.3.2-windows\cmake-4.3.2-windows-x86_64\share\cmake-4.3\Modules\Linker\MSVC.cmake C$:\Users\drych\AppData\Local\vcpkg\downloads\tools\cmake-4.3.2-windows\cmake-4.3.2-windows-x86_64\share\cmake-4.3\Modules\Platform\Linker\Windows-MSVC-C.cmake C$:\Users\drych\AppData\Local\vcpkg\downloads\tools\cmake-4.3.2-windows\cmake-4.3.2-windows-x86_64\share\cmake-4.3\Modules\Platform\Linker\Windows-MSVC-CXX.cmake C$:\Users\drych\AppData\Local\vcpkg\downloads\tools\cmake-4.3.2-windows\cmake-4.3.2-windows-x86_64\share\cmake-4.3\Modules\Platform\Linker\Windows-MSVC.cmake C$:\Users\drych\AppData\Local\vcpkg\downloads\tools\cmake-4.3.2-windows\cmake-4.3.2-windows-x86_64\share\cmake-4.3\Modules\Platform\Windows-Determine-CXX.cmake C$:\Users\drych\AppData\Local\vcpkg\downloads\tools\cmake-4.3.2-windows\cmake-4.3.2-windows-x86_64\share\cmake-4.3\Modules\Platform\Windows-Initialize.cmake C$:\Users\drych\AppData\Local\vcpkg\downloads\tools\cmake-4.3.2-windows\cmake-4.3.2-windows-x86_64\share\cmake-4.3\Modules\Platform\Windows-MSVC-C.cmake C$:\Users\drych\AppData\Local\vcpkg\downloads\tools\cmake-4.3.2-windows\cmake-4.3.2-windows-x86_64\share\cmake-4.3\Modules\Platform\Windows-MSVC-CXX.cmake C$:\Users\drych\AppData\Local\vcpkg\downloads\tools\cmake-4.3.2-windows\cmake-4.3.2-windows-x86_64\share\cmake-4.3\Modules\Platform\Windows-MSVC.cmake C$:\Users\drych\AppData\Local\vcpkg\downloads\tools\cmake-4.3.2-windows\cmake-4.3.2-windows-x86_64\share\cmake-4.3\Modules\Platform\Windows.cmake C$:\Users\drych\AppData\Local\vcpkg\downloads\tools\cmake-4.3.2-windows\cmake-4.3.2-windows-x86_64\share\cmake-4.3\Modules\Platform\WindowsPaths.cmake C$:\Users\drych\AppData\Local\vcpkg\downloads\tools\cmake-4.3.2-windows\cmake-4.3.2-windows-x86_64\share\cmake-4.3\Modules\WriteBasicConfigVersionFile.cmake C$:\Users\drych\AppData\Local\vcpkg\downloads\tools\cmake-4.3.2-windows\cmake-4.3.2-windows-x86_64\share\cmake-4.3\Templates\CPackConfig.cmake.in CMakeCache.txt CMakeFiles\4.3.2\CMakeCCompiler.cmake CMakeFiles\4.3.2\CMakeCXXCompiler.cmake CMakeFiles\4.3.2\CMakeRCCompiler.cmake CMakeFiles\4.3.2\CMakeSystem.cmake D$:\projects\eurka_emu\build\vcpkg_installed\vcpkg\blds\capstone\src\5.0.9-9b23fb962a.clean\CMakeLists.txt D$:\projects\eurka_emu\build\vcpkg_installed\vcpkg\blds\capstone\src\5.0.9-9b23fb962a.clean\CPackConfig.txt D$:\projects\eurka_emu\build\vcpkg_installed\vcpkg\blds\capstone\src\5.0.9-9b23fb962a.clean\capstone-config.cmake.in D$:\projects\eurka_emu\build\vcpkg_installed\vcpkg\blds\capstone\src\5.0.9-9b23fb962a.clean\capstone.pc.in D$:\projects\eurka_emu\build\vcpkg_installed\vcpkg\blds\capstone\src\5.0.9-9b23fb962a.clean\cmake_uninstall.cmake.in
  pool = console


#############################################
# A missing CMake input file is not an error.

build C$:\Program$ Files\Microsoft$ Visual$ Studio\18\Community\VC\vcpkg\scripts\buildsystems\vcpkg.cmake C$:\Program$ Files\Microsoft$ Visual$ Studio\18\Community\VC\vcpkg\scripts\toolchains\windows.cmake C$:\Users\drych\AppData\Local\vcpkg\downloads\tools\cmake-4.3.2-windows\cmake-4.3.2-windows-x86_64\share\cmake-4.3\Modules\BasicConfigVersion-SameMajorVersion.cmake.in C$:\Users\drych\AppData\Local\vcpkg\downloads\tools\cmake-4.3.2-windows\cmake-4.3.2-windows-x86_64\share\cmake-4.3\Modules\CMakeCCompiler.cmake.in C$:\Users\drych\AppData\Local\vcpkg\downloads\tools\cmake-4.3.2-windows\cmake-4.3.2-windows-x86_64\share\cmake-4.3\Modules\CMakeCCompilerABI.c C$:\Users\drych\AppData\Local\vcpkg\downloads\tools\cmake-4.3.2-windows\cmake-4.3.2-windows-x86_64\share\cmake-4.3\Modules\CMakeCInformation.cmake C$:\Users\drych\AppData\Local\vcpkg\downloads\tools\cmake-4.3.2-windows\cmake-4.3.2-windows-x86_64\share\cmake-4.3\Modules\CMakeCXXCompiler.cmake.in C$:\Users\drych\AppData\Local\vcpkg\downloads\tools\cmake-4.3.2-windows\cmake-4.3.2-windows-x86_64\share\cmake-4.3\Modules\CMakeCXXCompilerABI.cpp C$:\Users\drych\AppData\Local\vcpkg\downloads\tools\cmake-4.3.2-windows\cmake-4.3.2-windows-x86_64\share\cmake-4.3\Modules\CMakeCXXInformation.cmake C$:\Users\drych\AppData\Local\vcpkg\downloads\tools\cmake-4.3.2-windows\cmake-4.3.2-windows-x86_64\share\cmake-4.3\Modules\CMakeCommonLanguageInclude.cmake C$:\Users\drych\AppData\Local\vcpkg\downloads\tools\cmake-4.3.2-windows\cmake-4.3.2-windows-x86_64\share\cmake-4.3\Modules\CMakeCompilerIdDetection.cmake C$:\Users\drych\AppData\Local\vcpkg\downloads\tools\cmake-4.3.2-windows\cmake-4.3.2-windows-x86_64\share\cmake-4.3\Modules\CMakeDependentOption.cmake C$:\Users\drych\AppData\Local\vcpkg\downloads\tools\cmake-4.3.2-windows\cmake-4.3.2-windows-x86_64\share\cmake-4.3\Modules\CMakeDetermineCCompiler.cmake C$:\Users\drych\AppData\Local\vcpkg\downloads\tools\cmake-4.3.2-windows\cmake-4.3.2-windows-x86_64\share\cmake-4.3\Modules\CMakeDetermineCXXCompiler.cmake C$:\Users\drych\AppData\Local\vcpkg\downloads\tools\cmake-4.3.2-windows\cmake-4.3.2-windows-x86_64\share\cmake-4.3\Modules\CMakeDetermineCompiler.cmake C$:\Users\drych\AppData\Local\vcpkg\downloads\tools\cmake-4.3.2-windows\cmake-4.3.2-windows-x86_64\share\cmake-4.3\Modules\CMakeDetermineCompilerABI.cmake C$:\Users\drych\AppData\Local\vcpkg\downloads\tools\cmake-4.3.2-windows\cmake-4.3.2-windows-x86_64\share\cmake-4.3\Modules\CMakeDetermineCompilerId.cmake C$:\Users\drych\AppData\Local\vcpkg\downloads\tools\cmake-4.3.2-windows\cmake-4.3.2-windows-x86_64\share\cmake-4.3\Modules\CMakeDetermineCompilerSupport.cmake C$:\Users\drych\AppData\Local\vcpkg\downloads\tools\cmake-4.3.2-windows\cmake-4.3.2-windows-x86_64\share\cmake-4.3\Modules\CMakeDetermineRCCompiler.cmake C$:\Users\drych\AppData\Local\vcpkg\downloads\tools\cmake-4.3.2-windows\cmake-4.3.2-windows-x86_64\share\cmake-4.3\Modules\CMakeDetermineSystem.cmake C$:\Users\drych\AppData\Local\vcpkg\downloads\tools\cmake-4.3.2-windows\cmake-4.3.2-windows-x86_64\share\cmake-4.3\Modules\CMakeFindBinUtils.cmake C$:\Users\drych\AppData\Local\vcpkg\downloads\tools\cmake-4.3.2-windows\cmake-4.3.2-windows-x86_64\share\cmake-4.3\Modules\CMakeGenericSystem.cmake C$:\Users\drych\AppData\Local\vcpkg\downloads\tools\cmake-4.3.2-windows\cmake-4.3.2-windows-x86_64\share\cmake-4.3\Modules\CMakeInitializeConfigs.cmake C$:\Users\drych\AppData\Local\vcpkg\downloads\tools\cmake-4.3.2-windows\cmake-4.3.2-windows-x86_64\share\cmake-4.3\Modules\CMakeLanguageInformation.cmake C$:\Users\drych\AppData\Local\vcpkg\downloads\tools\cmake-4.3.2-windows\cmake-4.3.2-windows-x86_64\share\cmake-4.3\Modules\CMakePackageConfigHelpers.cmake C$:\Users\drych\AppData\Local\vcpkg\downloads\tools\cmake-4.3.2-windows\cmake-4.3.2-windows-x86_64\share\cmake-4.3\Modules\CMakeParseImplicitIncludeInfo.cmake C$:\Users\drych\AppData\Local\vcpkg\downloads\tools\cmake-4.3.2-windows\cmake-4.3.2-windows-x86_64\share\cmake-4.3\Modules\CMakeParseImplicitLinkInfo.cmake C$:\Users\drych\AppData\Local\vcpkg\downloads\tools\cmake-4.3.2-windows\cmake-4.3.2-windows-x86_64\share\cmake-4.3\Modules\CMakeParseLibraryArchitecture.cmake C$:\Users\drych\AppData\Local\vcpkg\downloads\tools\cmake-4.3.2-windows\cmake-4.3.2-windows-x86_64\share\cmake-4.3\Modules\CMakeRCCompiler.cmake.in C$:\Users\drych\AppData\Local\vcpkg\downloads\tools\cmake-4.3.2-windows\cmake-4.3.2-windows-x86_64\share\cmake-4.3\Modules\CMakeRCInformation.cmake C$:\Users\drych\AppData\Local\vcpkg\downloads\tools\cmake-4.3.2-windows\cmake-4.3.2-windows-x86_64\share\cmake-4.3\Modules\CMakeSystem.cmake.in C$:\Users\drych\AppData\Local\vcpkg\downloads\tools\cmake-4.3.2-windows\cmake-4.3.2-windows-x86_64\share\cmake-4.3\Modules\CMakeSystemSpecificInformation.cmake C$:\Users\drych\AppData\Local\vcpkg\downloads\tools\cmake-4.3.2-windows\cmake-4.3.2-windows-x86_64\share\cmake-4.3\Modules\CMakeSystemSpecificInitialize.cmake C$:\Users\drych\AppData\Local\vcpkg\downloads\tools\cmake-4.3.2-windows\cmake-4.3.2-windows-x86_64\share\cmake-4.3\Modules\CMakeTestCCompiler.cmake C$:\Users\drych\AppData\Local\vcpkg\downloads\tools\cmake-4.3.2-windows\cmake-4.3.2-windows-x86_64\share\cmake-4.3\Modules\CMakeTestCXXCompiler.cmake C$:\Users\drych\AppData\Local\vcpkg\downloads\tools\cmake-4.3.2-windows\cmake-4.3.2-windows-x86_64\share\cmake-4.3\Modules\CMakeTestCompilerCommon.cmake C$:\Users\drych\AppData\Local\vcpkg\downloads\tools\cmake-4.3.2-windows\cmake-4.3.2-windows-x86_64\share\cmake-4.3\Modules\CMakeTestRCCompiler.cmake C$:\Users\drych\AppData\Local\vcpkg\downloads\tools\cmake-4.3.2-windows\cmake-4.3.2-windows-x86_64\share\cmake-4.3\Modules\CPack.cmake C$:\Users\drych\AppData\Local\vcpkg\downloads\tools\cmake-4.3.2-windows\cmake-4.3.2-windows-x86_64\share\cmake-4.3\Modules\CPackComponent.cmake C$:\Users\drych\AppData\Local\vcpkg\downloads\tools\cmake-4.3.2-windows\cmake-4.3.2-windows-x86_64\share\cmake-4.3\Modules\Compiler\ADSP-DetermineCompiler.cmake C$:\Users\drych\AppData\Local\vcpkg\downloads\tools\cmake-4.3.2-windows\cmake-4.3.2-windows-x86_64\share\cmake-4.3\Modules\Compiler\ARMCC-DetermineCompiler.cmake C$:\Users\drych\AppData\Local\vcpkg\downloads\tools\cmake-4.3.2-windows\cmake-4.3.2-windows-x86_64\share\cmake-4.3\Modules\Compiler\ARMClang-DetermineCompiler.cmake C$:\Users\drych\AppData\Local\vcpkg\downloads\tools\cmake-4.3.2-windows\cmake-4.3.2-windows-x86_64\share\cmake-4.3\Modules\Compiler\AppleClang-DetermineCompiler.cmake C$:\Users\drych\AppData\Local\vcpkg\downloads\tools\cmake-4.3.2-windows\cmake-4.3.2-windows-x86_64\share\cmake-4.3\Modules\Compiler\Borland-DetermineCompiler.cmake C$:\Users\drych\AppData\Local\vcpkg\downloads\tools\cmake-4.3.2-windows\cmake-4.3.2-windows-x86_64\share\cmake-4.3\Modules\Compiler\Bruce-C-DetermineCompiler.cmake C$:\Users\drych\AppData\Local\vcpkg\downloads\tools\cmake-4.3.2-windows\cmake-4.3.2-windows-x86_64\share\cmake-4.3\Modules\Compiler\CMakeCommonCompilerMacros.cmake C$:\Users\drych\AppData\Local\vcpkg\downloads\tools\cmake-4.3.2-windows\cmake-4.3.2-windows-x86_64\share\cmake-4.3\Modules\Compiler\Clang-DetermineCompiler.cmake C$:\Users\drych\AppData\Local\vcpkg\downloads\tools\cmake-4.3.2-windows\cmake-4.3.2-windows-x86_64\share\cmake-4.3\Modules\Compiler\Clang-DetermineCompilerInternal.cmake C$:\Users\drych\AppData\Local\vcpkg\downloads\tools\cmake-4.3.2-windows\cmake-4.3.2-windows-x86_64\share\cmake-4.3\Modules\Compiler\Compaq-C-DetermineCompiler.cmake C$:\Users\drych\AppData\Local\vcpkg\downloads\tools\cmake-4.3.2-windows\cmake-4.3.2-windows-x86_64\share\cmake-4.3\Modules\Compiler\Compaq-CXX-DetermineCompiler.cmake C$:\Users\drych\AppData\Local\vcpkg\downloads\tools\cmake-4.3.2-windows\cmake-4.3.2-windows-x86_64\share\cmake-4.3\Modules\Compiler\Cray-DetermineCompiler.cmake C$:\Users\drych\AppData\Local\vcpkg\downloads\tools\cmake-4.3.2-windows\cmake-4.3.2-windows-x86_64\share\cmake-4.3\Modules\Compiler\CrayClang-DetermineCompiler.cmake C$:\Users\drych\AppData\Local\vcpkg\downloads\tools\cmake-4.3.2-windows\cmake-4.3.2-windows-x86_64\share\cmake-4.3\Modules\Compiler\Diab-DetermineCompiler.cmake C$:\Users\drych\AppData\Local\vcpkg\downloads\tools\cmake-4.3.2-windows\cmake-4.3.2-windows-x86_64\share\cmake-4.3\Modules\Compiler\Embarcadero-DetermineCompiler.cmake C$:\Users\drych\AppData\Local\vcpkg\downloads\tools\cmake-4.3.2-windows\cmake-4.3.2-windows-x86_64\share\cmake-4.3\Modules\Compiler\Fujitsu-DetermineCompiler.cmake C$:\Users\drych\AppData\Local\vcpkg\downloads\tools\cmake-4.3.2-windows\cmake-4.3.2-windows-x86_64\share\cmake-4.3\Modules\Compiler\FujitsuClang-DetermineCompiler.cmake C$:\Users\drych\AppData\Local\vcpkg\downloads\tools\cmake-4.3.2-windows\cmake-4.3.2-windows-x86_64\share\cmake-4.3\Modules\Compiler\GHS-DetermineCompiler.cmake C$:\Users\drych\AppData\Local\vcpkg\downloads\tools\cmake-4.3.2-windows\cmake-4.3.2-windows-x86_64\share\cmake-4.3\Modules\Compiler\GNU-C-DetermineCompiler.cmake C$:\Users\drych\AppData\Local\vcpkg\downloads\tools\cmake-4.3.2-windows\cmake-4.3.2-windows-x86_64\share\cmake-4.3\Modules\Compiler\GNU-CXX-DetermineCompiler.cmake C$:\Users\drych\AppData\Local\vcpkg\downloads\tools\cmake-4.3.2-windows\cmake-4.3.2-windows-x86_64\share\cmake-4.3\Modules\Compiler\HP-C-DetermineCompiler.cmake C$:\Users\drych\AppData\Local\vcpkg\downloads\tools\cmake-4.3.2-windows\cmake-4.3.2-windows-x86_64\share\cmake-4.3\Modules\Compiler\HP-CXX-DetermineCompiler.cmake C$:\Users\drych\AppData\Local\vcpkg\downloads\tools\cmake-4.3.2-windows\cmake-4.3.2-windows-x86_64\share\cmake-4.3\Modules\Compiler\IAR-DetermineCompiler.cmake C$:\Users\drych\AppData\Local\vcpkg\downloads\tools\cmake-4.3.2-windows\cmake-4.3.2-windows-x86_64\share\cmake-4.3\Modules\Compiler\IBMCPP-C-DetermineVersionInternal.cmake C$:\Users\drych\AppData\Local\vcpkg\downloads\tools\cmake-4.3.2-windows\cmake-4.3.2-windows-x86_64\share\cmake-4.3\Modules\Compiler\IBMCPP-CXX-DetermineVersionInternal.cmake C$:\Users\drych\AppData\Local\vcpkg\downloads\tools\cmake-4.3.2-windows\cmake-4.3.2-windows-x86_64\share\cmake-4.3\Modules\Compiler\IBMClang-C-DetermineCompiler.cmake C$:\Users\drych\AppData\Local\vcpkg\downloads\tools\cmake-4.3.2-windows\cmake-4.3.2-windows-x86_64\share\cmake-4.3\Modules\Compiler\IBMClang-CXX-DetermineCompiler.cmake C$:\Users\drych\AppData\Local\vcpkg\downloads\tools\cmake-4.3.2-windows\cmake-4.3.2-windows-x86_64\share\cmake-4.3\Modules\Compiler\Intel-DetermineCompiler.cmake C$:\Users\drych\AppData\Local\vcpkg\downloads\tools\cmake-4.3.2-windows\cmake-4.3.2-windows-x86_64\share\cmake-4.3\Modules\Compiler\IntelLLVM-DetermineCompiler.cmake C$:\Users\drych\AppData\Local\vcpkg\downloads\tools\cmake-4.3.2-windows\cmake-4.3.2-windows-x86_64\share\cmake-4.3\Modules\Compiler\LCC-C-DetermineCompiler.cmake C$:\Users\drych\AppData\Local\vcpkg\downloads\tools\cmake-4.3.2-windows\cmake-4.3.2-windows-x86_64\share\cmake-4.3\Modules\Compiler\LCC-CXX-DetermineCompiler.cmake C$:\Users\drych\AppData\Local\vcpkg\downloads\tools\cmake-4.3.2-windows\cmake-4.3.2-windows-x86_64\share\cmake-4.3\Modules\Compiler\MSVC-C.cmake C$:\Users\drych\AppData\Local\vcpkg\downloads\tools\cmake-4.3.2-windows\cmake-4.3.2-windows-x86_64\share\cmake-4.3\Modules\Compiler\MSVC-CXX-CXXImportStd.cmake C$:\Users\drych\AppData\Local\vcpkg\downloads\tools\cmake-4.3.2-windows\cmake-4.3.2-windows-x86_64\share\cmake-4.3\Modules\Compiler\MSVC-CXX.cmake C$:\Users\drych\AppData\Local\vcpkg\downloads\tools\cmake-4.3.2-windows\cmake-4.3.2-windows-x86_64\share\cmake-4.3\Modules\Compiler\MSVC-DetermineCompiler.cmake C$:\Users\drych\AppData\Local\vcpkg\downloads\tools\cmake-4.3.2-windows\cmake-4.3.2-windows-x86_64\share\cmake-4.3\Modules\Compiler\MSVC.cmake C$:\Users\drych\AppData\Local\vcpkg\downloads\tools\cmake-4.3.2-windows\cmake-4.3.2-windows-x86_64\share\cmake-4.3\Modules\Compiler\NVHPC-DetermineCompiler.cmake C$:\Users\drych\AppData\Local\vcpkg\downloads\tools\cmake-4.3.2-windows\cmake-4.3.2-windows-x86_64\share\cmake-4.3\Modules\Compiler\NVIDIA-DetermineCompiler.cmake C$:\Users\drych\AppData\Local\vcpkg\downloads\tools\cmake-4.3.2-windows\cmake-4.3.2-windows-x86_64\share\cmake-4.3\Modules\Compiler\OpenWatcom-DetermineCompiler.cmake C$:\Users\drych\AppData\Local\vcpkg\downloads\tools\cmake-4.3.2-windows\cmake-4.3.2-windows-x86_64\share\cmake-4.3\Modules\Compiler\OrangeC-DetermineCompiler.cmake C$:\Users\drych\AppData\Local\vcpkg\downloads\tools\cmake-4.3.2-windows\cmake-4.3.2-windows-x86_64\share\cmake-4.3\Modules\Compiler\PGI-DetermineCompiler.cmake C$:\Users\drych\AppData\Local\vcpkg\downloads\tools\cmake-4.3.2-windows\cmake-4.3.2-windows-x86_64\share\cmake-4.3\Modules\Compiler\PathScale-DetermineCompiler.cmake C$:\Users\drych\AppData\Local\vcpkg\downloads\tools\cmake-4.3.2-windows\cmake-4.3.2-windows-x86_64\share\cmake-4.3\Modules\Compiler\Renesas-DetermineCompiler.cmake C$:\Users\drych\AppData\Local\vcpkg\downloads\tools\cmake-4.3.2-windows\cmake-4.3.2-windows-x86_64\share\cmake-4.3\Modules\Compiler\SCO-DetermineCompiler.cmake C$:\Users\drych\AppData\Local\vcpkg\downloads\tools\cmake-4.3.2-windows\cmake-4.3.2-windows-x86_64\share\cmake-4.3\Modules\Compiler\SDCC-C-DetermineCompiler.cmake C$:\Users\drych\AppData\Local\vcpkg\downloads\tools\cmake-4.3.2-windows\cmake-4.3.2-windows-x86_64\share\cmake-4.3\Modules\Compiler\SunPro-C-DetermineCompiler.cmake C$:\Users\drych\AppData\Local\vcpkg\downloads\tools\cmake-4.3.2-windows\cmake-4.3.2-windows-x86_64\share\cmake-4.3\Modules\Compiler\SunPro-CXX-DetermineCompiler.cmake C$:\Users\drych\AppData\Local\vcpkg\downloads\tools\cmake-4.3.2-windows\cmake-4.3.2-windows-x86_64\share\cmake-4.3\Modules\Compiler\TI-DetermineCompiler.cmake C$:\Users\drych\AppData\Local\vcpkg\downloads\tools\cmake-4.3.2-windows\cmake-4.3.2-windows-x86_64\share\cmake-4.3\Modules\Compiler\TIClang-DetermineCompiler.cmake C$:\Users\drych\AppData\Local\vcpkg\downloads\tools\cmake-4.3.2-windows\cmake-4.3.2-windows-x86_64\share\cmake-4.3\Modules\Compiler\Tasking-DetermineCompiler.cmake C$:\Users\drych\AppData\Local\vcpkg\downloads\tools\cmake-4.3.2-windows\cmake-4.3.2-windows-x86_64\share\cmake-4.3\Modules\Compiler\TinyCC-C-DetermineCompiler.cmake C$:\Users\drych\AppData\Local\vcpkg\downloads\tools\cmake-4.3.2-windows\cmake-4.3.2-windows-x86_64\share\cmake-4.3\Modules\Compiler\VisualAge-C-DetermineCompiler.cmake C$:\Users\drych\AppData\Local\vcpkg\downloads\tools\cmake-4.3.2-windows\cmake-4.3.2-windows-x86_64\share\cmake-4.3\Modules\Compiler\VisualAge-CXX-DetermineCompiler.cmake C$:\Users\drych\AppData\Local\vcpkg\downloads\tools\cmake-4.3.2-windows\cmake-4.3.2-windows-x86_64\share\cmake-4.3\Modules\Compiler\Watcom-DetermineCompiler.cmake C$:\Users\drych\AppData\Local\vcpkg\downloads\tools\cmake-4.3.2-windows\cmake-4.3.2-windows-x86_64\share\cmake-4.3\Modules\Compiler\XL-C-DetermineCompiler.cmake C$:\Users\drych\AppData\Local\vcpkg\downloads\tools\cmake-4.3.2-windows\cmake-4.3.2-windows-x86_64\share\cmake-4.3\Modules\Compiler\XL-CXX-DetermineCompiler.cmake C$:\Users\drych\AppData\Local\vcpkg\downloads\tools\cmake-4.3.2-windows\cmake-4.3.2-windows-x86_64\share\cmake-4.3\Modules\Compiler\XLClang-C-DetermineCompiler.cmake C$:\Users\drych\AppData\Local\vcpkg\downloads\tools\cmake-4.3.2-windows\cmake-4.3.2-windows-x86_64\share\cmake-4.3\Modules\Compiler\XLClang-CXX-DetermineCompiler.cmake C$:\Users\drych\AppData\Local\vcpkg\downloads\tools\cmake-4.3.2-windows\cmake-4.3.2-windows-x86_64\share\cmake-4.3\Modules\Compiler\zOS-C-DetermineCompiler.cmake C$:\Users\drych\AppData\Local\vcpkg\downloads\tools\cmake-4.3.2-windows\cmake-4.3.2-windows-x86_64\share\cmake-4.3\Modules\Compiler\zOS-CXX-DetermineCompiler.cmake C$:\Users\drych\AppData\Local\vcpkg\downloads\tools\cmake-4.3.2-windows\cmake-4.3.2-windows-x86_64\share\cmake-4.3\Modules\GNUInstallDirs.cmake C$:\Users\drych\AppData\Local\vcpkg\downloads\tools\cmake-4.3.2-windows\cmake-4.3.2-windows-x86_64\share\cmake-4.3\Modules\Internal\CMakeCLinkerInformation.cmake C$:\Users\drych\AppData\Local\vcpkg\downloads\tools\cmake-4.3.2-windows\cmake-4.3.2-windows-x86_64\share\cmake-4.3\Modules\Internal\CMakeCXXLinkerInformation.cmake C$:\Users\drych\AppData\Local\vcpkg\downloads\tools\cmake-4.3.2-windows\cmake-4.3.2-windows-x86_64\share\cmake-4.3\Modules\Internal\CMakeCommonLinkerInformation.cmake C$:\Users\drych\AppData\Local\vcpkg\downloads\tools\cmake-4.3.2-windows\cmake-4.3.2-windows-x86_64\share\cmake-4.3\Modules\Internal\CMakeDetermineLinkerId.cmake C$:\Users\drych\AppData\Local\vcpkg\downloads\tools\cmake-4.3.2-windows\cmake-4.3.2-windows-x86_64\share\cmake-4.3\Modules\Internal\CMakeInspectCLinker.cmake C$:\Users\drych\AppData\Local\vcpkg\downloads\tools\cmake-4.3.2-windows\cmake-4.3.2-windows-x86_64\share\cmake-4.3\Modules\Internal\CMakeInspectCXXLinker.cmake C$:\Users\drych\AppData\Local\vcpkg\downloads\tools\cmake-4.3.2-windows\cmake-4.3.2-windows-x86_64\share\cmake-4.3\Modules\Internal\FeatureTesting.cmake C$:\Users\drych\AppData\Local\vcpkg\downloads\tools\cmake-4.3.2-windows\cmake-4.3.2-windows-x86_64\share\cmake-4.3\Modules\Linker\MSVC-C.cmake C$:\Users\drych\AppData\Local\vcpkg\downloads\tools\cmake-4.3.2-windows\cmake-4.3.2-windows-x86_64\share\cmake-4.3\Modules\Linker\MSVC-CXX.cmake C$:\Users\drych\AppData\Local\vcpkg\downloads\tools\cmake-4.3.2-windows\cmake-4.3.2-windows-x86_64\share\cmake-4.3\Modules\Linker\MSVC.cmake C$:\Users\drych\AppData\Local\vcpkg\downloads\tools\cmake-4.3.2-windows\cmake-4.3.2-windows-x86_64\share\cmake-4.3\Modules\Platform\Linker\Windows-MSVC-C.cmake C$:\Users\drych\AppData\Local\vcpkg\downloads\tools\cmake-4.3.2-windows\cmake-4.3.2-windows-x86_64\share\cmake-4.3\Modules\Platform\Linker\Windows-MSVC-CXX.cmake C$:\Users\drych\AppData\Local\vcpkg\downloads\tools\cmake-4.3.2-windows\cmake-4.3.2-windows-x86_64\share\cmake-4.3\Modules\Platform\Linker\Windows-MSVC.cmake C$:\Users\drych\AppData\Local\vcpkg\downloads\tools\cmake-4.3.2-windows\cmake-4.3.2-windows-x86_64\share\cmake-4.3\Modules\Platform\Windows-Determine-CXX.cmake C$:\Users\drych\AppData\Local\vcpkg\downloads\tools\cmake-4.3.2-windows\cmake-4.3.2-windows-x86_64\share\cmake-4.3\Modules\Platform\Windows-Initialize.cmake C$:\Users\drych\AppData\Local\vcpkg\downloads\tools\cmake-4.3.2-windows\cmake-4.3.2-windows-x86_64\share\cmake-4.3\Modules\Platform\Windows-MSVC-C.cmake C$:\Users\drych\AppData\Local\vcpkg\downloads\tools\cmake-4.3.2-windows\cmake-4.3.2-windows-x86_64\share\cmake-4.3\Modules\Platform\Windows-MSVC-CXX.cmake C$:\Users\drych\AppData\Local\vcpkg\downloads\tools\cmake-4.3.2-windows\cmake-4.3.2-windows-x86_64\share\cmake-4.3\Modules\Platform\Windows-MSVC.cmake C$:\Users\drych\AppData\Local\vcpkg\downloads\tools\cmake-4.3.2-windows\cmake-4.3.2-windows-x86_64\share\cmake-4.3\Modules\Platform\Windows.cmake C$:\Users\drych\AppData\Local\vcpkg\downloads\tools\cmake-4.3.2-windows\cmake-4.3.2-windows-x86_64\share\cmake-4.3\Modules\Platform\WindowsPaths.cmake C$:\Users\drych\AppData\Local\vcpkg\downloads\tools\cmake-4.3.2-windows\cmake-4.3.2-windows-x86_64\share\cmake-4.3\Modules\WriteBasicConfigVersionFile.cmake C$:\Users\drych\AppData\Local\vcpkg\downloads\tools\cmake-4.3.2-windows\cmake-4.3.2-windows-x86_64\share\cmake-4.3\Templates\CPackConfig.cmake.in CMakeCache.txt CMakeFiles\4.3.2\CMakeCCompiler.cmake CMakeFiles\4.3.2\CMakeCXXCompiler.cmake CMakeFiles\4.3.2\CMakeRCCompiler.cmake CMakeFiles\4.3.2\CMakeSystem.cmake D$:\projects\eurka_emu\build\vcpkg_installed\vcpkg\blds\capstone\src\5.0.9-9b23fb962a.clean\CMakeLists.txt D$:\projects\eurka_emu\build\vcpkg_installed\vcpkg\blds\capstone\src\5.0.9-9b23fb962a.clean\CPackConfig.txt D$:\projects\eurka_emu\build\vcpkg_installed\vcpkg\blds\capstone\src\5.0.9-9b23fb962a.clean\capstone-config.cmake.in D$:\projects\eurka_emu\build\vcpkg_installed\vcpkg\blds\capstone\src\5.0.9-9b23fb962a.clean\capstone.pc.in D$:\projects\eurka_emu\build\vcpkg_installed\vcpkg\blds\capstone\src\5.0.9-9b23fb962a.clean\cmake_uninstall.cmake.in: phony


#############################################
# Clean all the built files.

build clean: CLEAN


#############################################
# Print all primary targets available.

build help: HELP


#############################################
# Make the all target the default.

default all
