Change Dir: 'D:/projects/eurka_emu/build/vcpkg_installed/vcpkg/blds/capstone/x64-windows-dbg'

Run Build Command(s): "C:/Program Files/Microsoft Visual Studio/18/Community/Common7/IDE/CommonExtensions/Microsoft/CMake/Ninja/ninja.exe" -v -v -j17 install
[1/14] C:\PROGRA~1\MICROS~4\18\COMMUN~1\VC\Tools\MSVC\1451~1.362\bin\Hostx64\x64\cl.exe   -DCAPSTONE_ARM64_SUPPORT -DCAPSTONE_HAS_ARM64 -DCAPSTONE_SHARED -DCAPSTONE_USE_SYS_DYN_MEM -D_CRT_SECURE_NO_WARNINGS -ID:\projects\eurka_emu\build\vcpkg_installed\vcpkg\blds\capstone\src\5.0.9-9b23fb962a.clean\include /nologo /DWIN32 /D_WINDOWS /utf-8 /MP  /MDd /Z7 /Ob0 /Od /RTC1  -MDd /W1 /w14189 /showIncludes /FoCMakeFiles\capstone.dir\MCInstrDesc.c.obj /FdCMakeFiles\capstone.dir\ /FS -c D:\projects\eurka_emu\build\vcpkg_installed\vcpkg\blds\capstone\src\5.0.9-9b23fb962a.clean\MCInstrDesc.c
[2/14] C:\PROGRA~1\MICROS~4\18\COMMUN~1\VC\Tools\MSVC\1451~1.362\bin\Hostx64\x64\cl.exe   -DCAPSTONE_ARM64_SUPPORT -DCAPSTONE_HAS_ARM64 -DCAPSTONE_SHARED -DCAPSTONE_USE_SYS_DYN_MEM -D_CRT_SECURE_NO_WARNINGS -ID:\projects\eurka_emu\build\vcpkg_installed\vcpkg\blds\capstone\src\5.0.9-9b23fb962a.clean\include /nologo /DWIN32 /D_WINDOWS /utf-8 /MP  /MDd /Z7 /Ob0 /Od /RTC1  -MDd /W1 /w14189 /showIncludes /FoCMakeFiles\capstone.dir\MCRegisterInfo.c.obj /FdCMakeFiles\capstone.dir\ /FS -c D:\projects\eurka_emu\build\vcpkg_installed\vcpkg\blds\capstone\src\5.0.9-9b23fb962a.clean\MCRegisterInfo.c
[3/14] C:\PROGRA~1\MICROS~4\18\COMMUN~1\VC\Tools\MSVC\1451~1.362\bin\Hostx64\x64\cl.exe   -DCAPSTONE_ARM64_SUPPORT -DCAPSTONE_HAS_ARM64 -DCAPSTONE_SHARED -DCAPSTONE_USE_SYS_DYN_MEM -D_CRT_SECURE_NO_WARNINGS -ID:\projects\eurka_emu\build\vcpkg_installed\vcpkg\blds\capstone\src\5.0.9-9b23fb962a.clean\include /nologo /DWIN32 /D_WINDOWS /utf-8 /MP  /MDd /Z7 /Ob0 /Od /RTC1  -MDd /W1 /w14189 /showIncludes /FoCMakeFiles\capstone.dir\utils.c.obj /FdCMakeFiles\capstone.dir\ /FS -c D:\projects\eurka_emu\build\vcpkg_installed\vcpkg\blds\capstone\src\5.0.9-9b23fb962a.clean\utils.c
[4/14] C:\PROGRA~1\MICROS~4\18\COMMUN~1\VC\Tools\MSVC\1451~1.362\bin\Hostx64\x64\cl.exe   -DCAPSTONE_ARM64_SUPPORT -DCAPSTONE_HAS_ARM64 -DCAPSTONE_SHARED -DCAPSTONE_USE_SYS_DYN_MEM -D_CRT_SECURE_NO_WARNINGS -ID:\projects\eurka_emu\build\vcpkg_installed\vcpkg\blds\capstone\src\5.0.9-9b23fb962a.clean\include /nologo /DWIN32 /D_WINDOWS /utf-8 /MP  /MDd /Z7 /Ob0 /Od /RTC1  -MDd /W1 /w14189 /showIncludes /FoCMakeFiles\capstone.dir\MCInst.c.obj /FdCMakeFiles\capstone.dir\ /FS -c D:\projects\eurka_emu\build\vcpkg_installed\vcpkg\blds\capstone\src\5.0.9-9b23fb962a.clean\MCInst.c
[5/14] C:\PROGRA~1\MICROS~4\18\COMMUN~1\VC\Tools\MSVC\1451~1.362\bin\Hostx64\x64\cl.exe   -DCAPSTONE_ARM64_SUPPORT -DCAPSTONE_HAS_ARM64 -DCAPSTONE_SHARED -DCAPSTONE_USE_SYS_DYN_MEM -D_CRT_SECURE_NO_WARNINGS -ID:\projects\eurka_emu\build\vcpkg_installed\vcpkg\blds\capstone\src\5.0.9-9b23fb962a.clean\include /nologo /DWIN32 /D_WINDOWS /utf-8 /MP  /MDd /Z7 /Ob0 /Od /RTC1  -MDd /W1 /w14189 /showIncludes /FoCMakeFiles\capstone.dir\SStream.c.obj /FdCMakeFiles\capstone.dir\ /FS -c D:\projects\eurka_emu\build\vcpkg_installed\vcpkg\blds\capstone\src\5.0.9-9b23fb962a.clean\SStream.c
[6/14] C:\PROGRA~1\MICROS~4\18\COMMUN~1\VC\Tools\MSVC\1451~1.362\bin\Hostx64\x64\cl.exe   -DCAPSTONE_ARM64_SUPPORT -DCAPSTONE_HAS_ARM64 -DCAPSTONE_SHARED -DCAPSTONE_USE_SYS_DYN_MEM -D_CRT_SECURE_NO_WARNINGS -ID:\projects\eurka_emu\build\vcpkg_installed\vcpkg\blds\capstone\src\5.0.9-9b23fb962a.clean\include /nologo /DWIN32 /D_WINDOWS /utf-8 /MP  /MDd /Z7 /Ob0 /Od /RTC1  -MDd /W1 /w14189 /showIncludes /FoCMakeFiles\capstone.dir\Mapping.c.obj /FdCMakeFiles\capstone.dir\ /FS -c D:\projects\eurka_emu\build\vcpkg_installed\vcpkg\blds\capstone\src\5.0.9-9b23fb962a.clean\Mapping.c
[7/14] C:\PROGRA~1\MICROS~4\18\COMMUN~1\VC\Tools\MSVC\1451~1.362\bin\Hostx64\x64\cl.exe   -DCAPSTONE_ARM64_SUPPORT -DCAPSTONE_HAS_ARM64 -DCAPSTONE_SHARED -DCAPSTONE_USE_SYS_DYN_MEM -D_CRT_SECURE_NO_WARNINGS -ID:\projects\eurka_emu\build\vcpkg_installed\vcpkg\blds\capstone\src\5.0.9-9b23fb962a.clean\include /nologo /DWIN32 /D_WINDOWS /utf-8 /MP  /MDd /Z7 /Ob0 /Od /RTC1  -MDd /W1 /w14189 /showIncludes /FoCMakeFiles\capstone.dir\cs.c.obj /FdCMakeFiles\capstone.dir\ /FS -c D:\projects\eurka_emu\build\vcpkg_installed\vcpkg\blds\capstone\src\5.0.9-9b23fb962a.clean\cs.c
[8/14] C:\PROGRA~1\MICROS~4\18\COMMUN~1\VC\Tools\MSVC\1451~1.362\bin\Hostx64\x64\cl.exe   -DCAPSTONE_ARM64_SUPPORT -DCAPSTONE_HAS_ARM64 -DCAPSTONE_SHARED -DCAPSTONE_USE_SYS_DYN_MEM -D_CRT_SECURE_NO_WARNINGS -ID:\projects\eurka_emu\build\vcpkg_installed\vcpkg\blds\capstone\src\5.0.9-9b23fb962a.clean\include /nologo /DWIN32 /D_WINDOWS /utf-8 /MP  /MDd /Z7 /Ob0 /Od /RTC1  -MDd /W1 /w14189 /showIncludes /FoCMakeFiles\capstone.dir\arch\AArch64\AArch64BaseInfo.c.obj /FdCMakeFiles\capstone.dir\ /FS -c D:\projects\eurka_emu\build\vcpkg_installed\vcpkg\blds\capstone\src\5.0.9-9b23fb962a.clean\arch\AArch64\AArch64BaseInfo.c
[9/14] C:\PROGRA~1\MICROS~4\18\COMMUN~1\VC\Tools\MSVC\1451~1.362\bin\Hostx64\x64\cl.exe   -DCAPSTONE_ARM64_SUPPORT -DCAPSTONE_HAS_ARM64 -DCAPSTONE_SHARED -DCAPSTONE_USE_SYS_DYN_MEM -D_CRT_SECURE_NO_WARNINGS -ID:\projects\eurka_emu\build\vcpkg_installed\vcpkg\blds\capstone\src\5.0.9-9b23fb962a.clean\include /nologo /DWIN32 /D_WINDOWS /utf-8 /MP  /MDd /Z7 /Ob0 /Od /RTC1  -MDd /W1 /w14189 /showIncludes /FoCMakeFiles\capstone.dir\arch\AArch64\AArch64Module.c.obj /FdCMakeFiles\capstone.dir\ /FS -c D:\projects\eurka_emu\build\vcpkg_installed\vcpkg\blds\capstone\src\5.0.9-9b23fb962a.clean\arch\AArch64\AArch64Module.c
[10/14] C:\PROGRA~1\MICROS~4\18\COMMUN~1\VC\Tools\MSVC\1451~1.362\bin\Hostx64\x64\cl.exe   -DCAPSTONE_ARM64_SUPPORT -DCAPSTONE_HAS_ARM64 -DCAPSTONE_SHARED -DCAPSTONE_USE_SYS_DYN_MEM -D_CRT_SECURE_NO_WARNINGS -ID:\projects\eurka_emu\build\vcpkg_installed\vcpkg\blds\capstone\src\5.0.9-9b23fb962a.clean\include /nologo /DWIN32 /D_WINDOWS /utf-8 /MP  /MDd /Z7 /Ob0 /Od /RTC1  -MDd /W1 /w14189 /showIncludes /FoCMakeFiles\capstone.dir\arch\AArch64\AArch64Mapping.c.obj /FdCMakeFiles\capstone.dir\ /FS -c D:\projects\eurka_emu\build\vcpkg_installed\vcpkg\blds\capstone\src\5.0.9-9b23fb962a.clean\arch\AArch64\AArch64Mapping.c
[11/14] C:\PROGRA~1\MICROS~4\18\COMMUN~1\VC\Tools\MSVC\1451~1.362\bin\Hostx64\x64\cl.exe   -DCAPSTONE_ARM64_SUPPORT -DCAPSTONE_HAS_ARM64 -DCAPSTONE_SHARED -DCAPSTONE_USE_SYS_DYN_MEM -D_CRT_SECURE_NO_WARNINGS -ID:\projects\eurka_emu\build\vcpkg_installed\vcpkg\blds\capstone\src\5.0.9-9b23fb962a.clean\include /nologo /DWIN32 /D_WINDOWS /utf-8 /MP  /MDd /Z7 /Ob0 /Od /RTC1  -MDd /W1 /w14189 /showIncludes /FoCMakeFiles\capstone.dir\arch\AArch64\AArch64InstPrinter.c.obj /FdCMakeFiles\capstone.dir\ /FS -c D:\projects\eurka_emu\build\vcpkg_installed\vcpkg\blds\capstone\src\5.0.9-9b23fb962a.clean\arch\AArch64\AArch64InstPrinter.c
[12/14] C:\PROGRA~1\MICROS~4\18\COMMUN~1\VC\Tools\MSVC\1451~1.362\bin\Hostx64\x64\cl.exe   -DCAPSTONE_ARM64_SUPPORT -DCAPSTONE_HAS_ARM64 -DCAPSTONE_SHARED -DCAPSTONE_USE_SYS_DYN_MEM -D_CRT_SECURE_NO_WARNINGS -ID:\projects\eurka_emu\build\vcpkg_installed\vcpkg\blds\capstone\src\5.0.9-9b23fb962a.clean\include /nologo /DWIN32 /D_WINDOWS /utf-8 /MP  /MDd /Z7 /Ob0 /Od /RTC1  -MDd /W1 /w14189 /showIncludes /FoCMakeFiles\capstone.dir\arch\AArch64\AArch64Disassembler.c.obj /FdCMakeFiles\capstone.dir\ /FS -c D:\projects\eurka_emu\build\vcpkg_installed\vcpkg\blds\capstone\src\5.0.9-9b23fb962a.clean\arch\AArch64\AArch64Disassembler.c
[13/14] C:\WINDOWS\system32\cmd.exe /C "cd . && C:\Users\drych\AppData\Local\vcpkg\downloads\tools\cmake-4.3.2-windows\cmake-4.3.2-windows-x86_64\bin\cmake.exe -E vs_link_dll --msvc-ver=1951 --intdir=CMakeFiles\capstone_shared.dir --rc=C:\PROGRA~2\WI3CF2~1\10\bin\100261~1.0\x64\rc.exe --mt=C:\PROGRA~2\WI3CF2~1\10\bin\100261~1.0\x64\mt.exe --manifests  -- C:\PROGRA~1\MICROS~4\18\COMMUN~1\VC\Tools\MSVC\1451~1.362\bin\Hostx64\x64\link.exe  CMakeFiles\capstone.dir\cs.c.obj CMakeFiles\capstone.dir\Mapping.c.obj CMakeFiles\capstone.dir\MCInst.c.obj CMakeFiles\capstone.dir\MCInstrDesc.c.obj CMakeFiles\capstone.dir\MCRegisterInfo.c.obj CMakeFiles\capstone.dir\SStream.c.obj CMakeFiles\capstone.dir\utils.c.obj CMakeFiles\capstone.dir\arch\AArch64\AArch64BaseInfo.c.obj CMakeFiles\capstone.dir\arch\AArch64\AArch64Disassembler.c.obj CMakeFiles\capstone.dir\arch\AArch64\AArch64InstPrinter.c.obj CMakeFiles\capstone.dir\arch\AArch64\AArch64Mapping.c.obj CMakeFiles\capstone.dir\arch\AArch64\AArch64Module.c.obj  /out:capstone.dll /implib:capstone.lib /pdb:capstone.pdb /dll /version:5.0 /machine:x64 /nologo    /debug /INCREMENTAL  kernel32.lib user32.lib gdi32.lib winspool.lib shell32.lib ole32.lib oleaut32.lib uuid.lib comdlg32.lib advapi32.lib && cd ."
[13/14] C:\WINDOWS\system32\cmd.exe /C "cd /D D:\projects\eurka_emu\build\vcpkg_installed\vcpkg\blds\capstone\x64-windows-dbg && C:\Users\drych\AppData\Local\vcpkg\downloads\tools\cmake-4.3.2-windows\cmake-4.3.2-windows-x86_64\bin\cmake.exe -P cmake_install.cmake"
-- Install configuration: "Debug"
-- Installing: D:/projects/eurka_emu/build/vcpkg_installed/vcpkg/pkgs/capstone_x64-windows/debug/include/capstone/arm64.h
-- Installing: D:/projects/eurka_emu/build/vcpkg_installed/vcpkg/pkgs/capstone_x64-windows/debug/include/capstone/arm.h
-- Installing: D:/projects/eurka_emu/build/vcpkg_installed/vcpkg/pkgs/capstone_x64-windows/debug/include/capstone/capstone.h
-- Installing: D:/projects/eurka_emu/build/vcpkg_installed/vcpkg/pkgs/capstone_x64-windows/debug/include/capstone/evm.h
-- Installing: D:/projects/eurka_emu/build/vcpkg_installed/vcpkg/pkgs/capstone_x64-windows/debug/include/capstone/wasm.h
-- Installing: D:/projects/eurka_emu/build/vcpkg_installed/vcpkg/pkgs/capstone_x64-windows/debug/include/capstone/mips.h
-- Installing: D:/projects/eurka_emu/build/vcpkg_installed/vcpkg/pkgs/capstone_x64-windows/debug/include/capstone/ppc.h
-- Installing: D:/projects/eurka_emu/build/vcpkg_installed/vcpkg/pkgs/capstone_x64-windows/debug/include/capstone/x86.h
-- Installing: D:/projects/eurka_emu/build/vcpkg_installed/vcpkg/pkgs/capstone_x64-windows/debug/include/capstone/sparc.h
-- Installing: D:/projects/eurka_emu/build/vcpkg_installed/vcpkg/pkgs/capstone_x64-windows/debug/include/capstone/systemz.h
-- Installing: D:/projects/eurka_emu/build/vcpkg_installed/vcpkg/pkgs/capstone_x64-windows/debug/include/capstone/xcore.h
-- Installing: D:/projects/eurka_emu/build/vcpkg_installed/vcpkg/pkgs/capstone_x64-windows/debug/include/capstone/m68k.h
-- Installing: D:/projects/eurka_emu/build/vcpkg_installed/vcpkg/pkgs/capstone_x64-windows/debug/include/capstone/tms320c64x.h
-- Installing: D:/projects/eurka_emu/build/vcpkg_installed/vcpkg/pkgs/capstone_x64-windows/debug/include/capstone/m680x.h
-- Installing: D:/projects/eurka_emu/build/vcpkg_installed/vcpkg/pkgs/capstone_x64-windows/debug/include/capstone/mos65xx.h
-- Installing: D:/projects/eurka_emu/build/vcpkg_installed/vcpkg/pkgs/capstone_x64-windows/debug/include/capstone/bpf.h
-- Installing: D:/projects/eurka_emu/build/vcpkg_installed/vcpkg/pkgs/capstone_x64-windows/debug/include/capstone/riscv.h
-- Installing: D:/projects/eurka_emu/build/vcpkg_installed/vcpkg/pkgs/capstone_x64-windows/debug/include/capstone/sh.h
-- Installing: D:/projects/eurka_emu/build/vcpkg_installed/vcpkg/pkgs/capstone_x64-windows/debug/include/capstone/tricore.h
-- Installing: D:/projects/eurka_emu/build/vcpkg_installed/vcpkg/pkgs/capstone_x64-windows/debug/include/capstone/platform.h
-- Installing: D:/projects/eurka_emu/build/vcpkg_installed/vcpkg/pkgs/capstone_x64-windows/debug/lib/pkgconfig/capstone.pc
-- Installing: D:/projects/eurka_emu/build/vcpkg_installed/vcpkg/pkgs/capstone_x64-windows/debug/lib/cmake/capstone/capstone-config.cmake
-- Installing: D:/projects/eurka_emu/build/vcpkg_installed/vcpkg/pkgs/capstone_x64-windows/debug/lib/cmake/capstone/capstone-config-version.cmake
-- Installing: D:/projects/eurka_emu/build/vcpkg_installed/vcpkg/pkgs/capstone_x64-windows/debug/lib/capstone.lib
-- Installing: D:/projects/eurka_emu/build/vcpkg_installed/vcpkg/pkgs/capstone_x64-windows/debug/bin/capstone.dll
-- Installing: D:/projects/eurka_emu/build/vcpkg_installed/vcpkg/pkgs/capstone_x64-windows/debug/lib/cmake/capstone/capstone-targets.cmake
-- Installing: D:/projects/eurka_emu/build/vcpkg_installed/vcpkg/pkgs/capstone_x64-windows/debug/lib/cmake/capstone/capstone-targets-debug.cmake

